Archive member included to satisfy reference by file (symbol)

c:/progra~2/gnuarm~1/92020-~1/bin/../lib/gcc/arm-none-eabi/9.3.1/../../../../arm-none-eabi/lib/thumb/v7-m/nofp\libg.a(lib_a-errno.o)
                              CMakeFiles/06_Timer_Interrupt.elf.dir/Core/Src/syscalls.c.obj (__errno)
c:/progra~2/gnuarm~1/92020-~1/bin/../lib/gcc/arm-none-eabi/9.3.1/../../../../arm-none-eabi/lib/thumb/v7-m/nofp\libg.a(lib_a-exit.o)
                              c:/progra~2/gnuarm~1/92020-~1/bin/../lib/gcc/arm-none-eabi/9.3.1/../../../../arm-none-eabi/lib/thumb/v7-m/nofp/crt0.o (exit)
c:/progra~2/gnuarm~1/92020-~1/bin/../lib/gcc/arm-none-eabi/9.3.1/../../../../arm-none-eabi/lib/thumb/v7-m/nofp\libg.a(lib_a-impure.o)
                              c:/progra~2/gnuarm~1/92020-~1/bin/../lib/gcc/arm-none-eabi/9.3.1/../../../../arm-none-eabi/lib/thumb/v7-m/nofp\libg.a(lib_a-exit.o) (_global_impure_ptr)
c:/progra~2/gnuarm~1/92020-~1/bin/../lib/gcc/arm-none-eabi/9.3.1/../../../../arm-none-eabi/lib/thumb/v7-m/nofp\libg.a(lib_a-init.o)
                              c:/progra~2/gnuarm~1/92020-~1/bin/../lib/gcc/arm-none-eabi/9.3.1/../../../../arm-none-eabi/lib/thumb/v7-m/nofp/crt0.o (__libc_init_array)
c:/progra~2/gnuarm~1/92020-~1/bin/../lib/gcc/arm-none-eabi/9.3.1/../../../../arm-none-eabi/lib/thumb/v7-m/nofp\libg.a(lib_a-memset.o)
                              c:/progra~2/gnuarm~1/92020-~1/bin/../lib/gcc/arm-none-eabi/9.3.1/../../../../arm-none-eabi/lib/thumb/v7-m/nofp/crt0.o (memset)
c:/progra~2/gnuarm~1/92020-~1/bin/../lib/gcc/arm-none-eabi/9.3.1/../../../../arm-none-eabi/lib/thumb/v7-m/nofp\libg.a(lib_a-__call_atexit.o)
                              c:/progra~2/gnuarm~1/92020-~1/bin/../lib/gcc/arm-none-eabi/9.3.1/../../../../arm-none-eabi/lib/thumb/v7-m/nofp\libg.a(lib_a-exit.o) (__call_exitprocs)
c:/progra~2/gnuarm~1/92020-~1/bin/../lib/gcc/arm-none-eabi/9.3.1/../../../../arm-none-eabi/lib/thumb/v7-m/nofp\libg.a(lib_a-atexit.o)
                              c:/progra~2/gnuarm~1/92020-~1/bin/../lib/gcc/arm-none-eabi/9.3.1/../../../../arm-none-eabi/lib/thumb/v7-m/nofp\libg.a(lib_a-__call_atexit.o) (atexit)
c:/progra~2/gnuarm~1/92020-~1/bin/../lib/gcc/arm-none-eabi/9.3.1/../../../../arm-none-eabi/lib/thumb/v7-m/nofp\libg.a(lib_a-fini.o)
                              c:/progra~2/gnuarm~1/92020-~1/bin/../lib/gcc/arm-none-eabi/9.3.1/../../../../arm-none-eabi/lib/thumb/v7-m/nofp\libg.a(lib_a-__call_atexit.o) (__libc_fini_array)
c:/progra~2/gnuarm~1/92020-~1/bin/../lib/gcc/arm-none-eabi/9.3.1/../../../../arm-none-eabi/lib/thumb/v7-m/nofp\libg.a(lib_a-lock.o)
                              c:/progra~2/gnuarm~1/92020-~1/bin/../lib/gcc/arm-none-eabi/9.3.1/../../../../arm-none-eabi/lib/thumb/v7-m/nofp\libg.a(lib_a-__call_atexit.o) (__retarget_lock_acquire_recursive)
c:/progra~2/gnuarm~1/92020-~1/bin/../lib/gcc/arm-none-eabi/9.3.1/../../../../arm-none-eabi/lib/thumb/v7-m/nofp\libg.a(lib_a-__atexit.o)
                              c:/progra~2/gnuarm~1/92020-~1/bin/../lib/gcc/arm-none-eabi/9.3.1/../../../../arm-none-eabi/lib/thumb/v7-m/nofp\libg.a(lib_a-atexit.o) (__register_exitproc)

Allocating common symbols
Common symbol       size              file

__lock___atexit_recursive_mutex
                    0x1               c:/progra~2/gnuarm~1/92020-~1/bin/../lib/gcc/arm-none-eabi/9.3.1/../../../../arm-none-eabi/lib/thumb/v7-m/nofp\libg.a(lib_a-lock.o)
__lock___arc4random_mutex
                    0x1               c:/progra~2/gnuarm~1/92020-~1/bin/../lib/gcc/arm-none-eabi/9.3.1/../../../../arm-none-eabi/lib/thumb/v7-m/nofp\libg.a(lib_a-lock.o)
__lock___env_recursive_mutex
                    0x1               c:/progra~2/gnuarm~1/92020-~1/bin/../lib/gcc/arm-none-eabi/9.3.1/../../../../arm-none-eabi/lib/thumb/v7-m/nofp\libg.a(lib_a-lock.o)
__lock___sinit_recursive_mutex
                    0x1               c:/progra~2/gnuarm~1/92020-~1/bin/../lib/gcc/arm-none-eabi/9.3.1/../../../../arm-none-eabi/lib/thumb/v7-m/nofp\libg.a(lib_a-lock.o)
__lock___malloc_recursive_mutex
                    0x1               c:/progra~2/gnuarm~1/92020-~1/bin/../lib/gcc/arm-none-eabi/9.3.1/../../../../arm-none-eabi/lib/thumb/v7-m/nofp\libg.a(lib_a-lock.o)
__lock___at_quick_exit_mutex
                    0x1               c:/progra~2/gnuarm~1/92020-~1/bin/../lib/gcc/arm-none-eabi/9.3.1/../../../../arm-none-eabi/lib/thumb/v7-m/nofp\libg.a(lib_a-lock.o)
__lock___dd_hash_mutex
                    0x1               c:/progra~2/gnuarm~1/92020-~1/bin/../lib/gcc/arm-none-eabi/9.3.1/../../../../arm-none-eabi/lib/thumb/v7-m/nofp\libg.a(lib_a-lock.o)
__lock___tz_mutex   0x1               c:/progra~2/gnuarm~1/92020-~1/bin/../lib/gcc/arm-none-eabi/9.3.1/../../../../arm-none-eabi/lib/thumb/v7-m/nofp\libg.a(lib_a-lock.o)
__lock___sfp_recursive_mutex
                    0x1               c:/progra~2/gnuarm~1/92020-~1/bin/../lib/gcc/arm-none-eabi/9.3.1/../../../../arm-none-eabi/lib/thumb/v7-m/nofp\libg.a(lib_a-lock.o)

Discarded input sections

[...]
Memory Configuration

Name             Origin             Length             Attributes
RAM              0x20000000         0x00010000         xrw
FLASH            0x08000000         0x00080000         xr
*default*        0x00000000         0xffffffff

Linker script and memory map

LOAD c:/progra~2/gnuarm~1/92020-~1/bin/../lib/gcc/arm-none-eabi/9.3.1/thumb/v7-m/nofp/crti.o
LOAD c:/progra~2/gnuarm~1/92020-~1/bin/../lib/gcc/arm-none-eabi/9.3.1/thumb/v7-m/nofp/crtbegin.o
LOAD c:/progra~2/gnuarm~1/92020-~1/bin/../lib/gcc/arm-none-eabi/9.3.1/../../../../arm-none-eabi/lib/thumb/v7-m/nofp/crt0.o
LOAD CMakeFiles/06_Timer_Interrupt.elf.dir/Core/Src/gpio.c.obj
LOAD CMakeFiles/06_Timer_Interrupt.elf.dir/Core/Src/main.c.obj
LOAD CMakeFiles/06_Timer_Interrupt.elf.dir/Core/Src/stm32f1xx_hal_msp.c.obj
LOAD CMakeFiles/06_Timer_Interrupt.elf.dir/Core/Src/stm32f1xx_it.c.obj
LOAD CMakeFiles/06_Timer_Interrupt.elf.dir/Core/Src/syscalls.c.obj
LOAD CMakeFiles/06_Timer_Interrupt.elf.dir/Core/Src/system_stm32f1xx.c.obj
LOAD CMakeFiles/06_Timer_Interrupt.elf.dir/Core/Src/tim.c.obj
LOAD CMakeFiles/06_Timer_Interrupt.elf.dir/Drivers/STM32F1xx_HAL_Driver/Src/stm32f1xx_hal.c.obj
LOAD CMakeFiles/06_Timer_Interrupt.elf.dir/Drivers/STM32F1xx_HAL_Driver/Src/stm32f1xx_hal_cortex.c.obj
LOAD CMakeFiles/06_Timer_Interrupt.elf.dir/Drivers/STM32F1xx_HAL_Driver/Src/stm32f1xx_hal_dma.c.obj
LOAD CMakeFiles/06_Timer_Interrupt.elf.dir/Drivers/STM32F1xx_HAL_Driver/Src/stm32f1xx_hal_exti.c.obj
LOAD CMakeFiles/06_Timer_Interrupt.elf.dir/Drivers/STM32F1xx_HAL_Driver/Src/stm32f1xx_hal_flash.c.obj
LOAD CMakeFiles/06_Timer_Interrupt.elf.dir/Drivers/STM32F1xx_HAL_Driver/Src/stm32f1xx_hal_flash_ex.c.obj
LOAD CMakeFiles/06_Timer_Interrupt.elf.dir/Drivers/STM32F1xx_HAL_Driver/Src/stm32f1xx_hal_gpio.c.obj
LOAD CMakeFiles/06_Timer_Interrupt.elf.dir/Drivers/STM32F1xx_HAL_Driver/Src/stm32f1xx_hal_gpio_ex.c.obj
LOAD CMakeFiles/06_Timer_Interrupt.elf.dir/Drivers/STM32F1xx_HAL_Driver/Src/stm32f1xx_hal_pwr.c.obj
LOAD CMakeFiles/06_Timer_Interrupt.elf.dir/Drivers/STM32F1xx_HAL_Driver/Src/stm32f1xx_hal_rcc.c.obj
LOAD CMakeFiles/06_Timer_Interrupt.elf.dir/Drivers/STM32F1xx_HAL_Driver/Src/stm32f1xx_hal_rcc_ex.c.obj
LOAD CMakeFiles/06_Timer_Interrupt.elf.dir/Drivers/STM32F1xx_HAL_Driver/Src/stm32f1xx_hal_tim.c.obj
LOAD CMakeFiles/06_Timer_Interrupt.elf.dir/Drivers/STM32F1xx_HAL_Driver/Src/stm32f1xx_hal_tim_ex.c.obj
LOAD CMakeFiles/06_Timer_Interrupt.elf.dir/startup/startup_stm32f103xe.s.obj
START GROUP
LOAD c:/progra~2/gnuarm~1/92020-~1/bin/../lib/gcc/arm-none-eabi/9.3.1/thumb/v7-m/nofp\libgcc.a
LOAD c:/progra~2/gnuarm~1/92020-~1/bin/../lib/gcc/arm-none-eabi/9.3.1/../../../../arm-none-eabi/lib/thumb/v7-m/nofp\libg.a
LOAD c:/progra~2/gnuarm~1/92020-~1/bin/../lib/gcc/arm-none-eabi/9.3.1/../../../../arm-none-eabi/lib/thumb/v7-m/nofp\libc.a
END GROUP
LOAD c:/progra~2/gnuarm~1/92020-~1/bin/../lib/gcc/arm-none-eabi/9.3.1/thumb/v7-m/nofp/crtend.o
LOAD c:/progra~2/gnuarm~1/92020-~1/bin/../lib/gcc/arm-none-eabi/9.3.1/thumb/v7-m/nofp/crtn.o
                0x20010000                _estack = 0x20010000
                0x00000200                _Min_Heap_Size = 0x200
                0x00000400                _Min_Stack_Size = 0x400

.isr_vector     0x08000000      0x1e4
                0x08000000                . = ALIGN (0x4)
 *(.isr_vector)
 .isr_vector    0x08000000      0x1e4 CMakeFiles/06_Timer_Interrupt.elf.dir/startup/startup_stm32f103xe.s.obj
                0x08000000                g_pfnVectors
                0x080001e4                . = ALIGN (0x4)

.text           0x080001e4     0x10b0
                0x080001e4                . = ALIGN (0x4)
 *(.text)
 .text          0x080001e4       0x40 c:/progra~2/gnuarm~1/92020-~1/bin/../lib/gcc/arm-none-eabi/9.3.1/thumb/v7-m/nofp/crtbegin.o
 *(.text*)
 .text.MX_GPIO_Init
                0x08000224       0x74 CMakeFiles/06_Timer_Interrupt.elf.dir/Core/Src/gpio.c.obj
                0x08000224                MX_GPIO_Init
 .text.SystemClock_Config
                0x08000298       0x52 CMakeFiles/06_Timer_Interrupt.elf.dir/Core/Src/main.c.obj
                0x08000298                SystemClock_Config
 *fill*         0x080002ea        0x2 
 .text.main     0x080002ec       0x20 CMakeFiles/06_Timer_Interrupt.elf.dir/Core/Src/main.c.obj
                0x080002ec                main
 .text.Error_Handler
                0x0800030c        0x2 CMakeFiles/06_Timer_Interrupt.elf.dir/Core/Src/main.c.obj
                0x0800030c                Error_Handler
 *fill*         0x0800030e        0x2 
 .text.HAL_MspInit
                0x08000310       0x44 CMakeFiles/06_Timer_Interrupt.elf.dir/Core/Src/stm32f1xx_hal_msp.c.obj
                0x08000310                HAL_MspInit
 .text.NMI_Handler
                0x08000354        0x2 CMakeFiles/06_Timer_Interrupt.elf.dir/Core/Src/stm32f1xx_it.c.obj
                0x08000354                NMI_Handler
 .text.HardFault_Handler
                0x08000356        0x2 CMakeFiles/06_Timer_Interrupt.elf.dir/Core/Src/stm32f1xx_it.c.obj
                0x08000356                HardFault_Handler
 .text.MemManage_Handler
                0x08000358        0x2 CMakeFiles/06_Timer_Interrupt.elf.dir/Core/Src/stm32f1xx_it.c.obj
                0x08000358                MemManage_Handler
 .text.BusFault_Handler
                0x0800035a        0x2 CMakeFiles/06_Timer_Interrupt.elf.dir/Core/Src/stm32f1xx_it.c.obj
                0x0800035a                BusFault_Handler
 .text.UsageFault_Handler
                0x0800035c        0x2 CMakeFiles/06_Timer_Interrupt.elf.dir/Core/Src/stm32f1xx_it.c.obj
                0x0800035c                UsageFault_Handler
 .text.SVC_Handler
                0x0800035e        0x2 CMakeFiles/06_Timer_Interrupt.elf.dir/Core/Src/stm32f1xx_it.c.obj
                0x0800035e                SVC_Handler
 .text.DebugMon_Handler
                0x08000360        0x2 CMakeFiles/06_Timer_Interrupt.elf.dir/Core/Src/stm32f1xx_it.c.obj
                0x08000360                DebugMon_Handler
 .text.PendSV_Handler
                0x08000362        0x2 CMakeFiles/06_Timer_Interrupt.elf.dir/Core/Src/stm32f1xx_it.c.obj
                0x08000362                PendSV_Handler
 .text.SysTick_Handler
                0x08000364        0x8 CMakeFiles/06_Timer_Interrupt.elf.dir/Core/Src/stm32f1xx_it.c.obj
                0x08000364                SysTick_Handler
 .text.TIM3_IRQHandler
                0x0800036c       0x10 CMakeFiles/06_Timer_Interrupt.elf.dir/Core/Src/stm32f1xx_it.c.obj
                0x0800036c                TIM3_IRQHandler
 .text.SystemInit
                0x0800037c        0x2 CMakeFiles/06_Timer_Interrupt.elf.dir/Core/Src/system_stm32f1xx.c.obj
                0x0800037c                SystemInit
 *fill*         0x0800037e        0x2 
 .text.MX_TIM3_Init
                0x08000380       0x34 CMakeFiles/06_Timer_Interrupt.elf.dir/Core/Src/tim.c.obj
                0x08000380                MX_TIM3_Init
 .text.HAL_TIM_Base_MspInit
                0x080003b4       0x70 CMakeFiles/06_Timer_Interrupt.elf.dir/Core/Src/tim.c.obj
                0x080003b4                HAL_TIM_Base_MspInit
 .text.HAL_TIM_PeriodElapsedCallback
                0x08000424       0x20 CMakeFiles/06_Timer_Interrupt.elf.dir/Core/Src/tim.c.obj
                0x08000424                HAL_TIM_PeriodElapsedCallback
 .text.HAL_InitTick
                0x08000444       0x4c CMakeFiles/06_Timer_Interrupt.elf.dir/Drivers/STM32F1xx_HAL_Driver/Src/stm32f1xx_hal.c.obj
                0x08000444                HAL_InitTick
 .text.HAL_Init
                0x08000490       0x24 CMakeFiles/06_Timer_Interrupt.elf.dir/Drivers/STM32F1xx_HAL_Driver/Src/stm32f1xx_hal.c.obj
                0x08000490                HAL_Init
 .text.HAL_IncTick
                0x080004b4       0x18 CMakeFiles/06_Timer_Interrupt.elf.dir/Drivers/STM32F1xx_HAL_Driver/Src/stm32f1xx_hal.c.obj
                0x080004b4                HAL_IncTick
 .text.HAL_GetTick
                0x080004cc        0xc CMakeFiles/06_Timer_Interrupt.elf.dir/Drivers/STM32F1xx_HAL_Driver/Src/stm32f1xx_hal.c.obj
                0x080004cc                HAL_GetTick
 .text.HAL_NVIC_SetPriorityGrouping
                0x080004d8       0x24 CMakeFiles/06_Timer_Interrupt.elf.dir/Drivers/STM32F1xx_HAL_Driver/Src/stm32f1xx_hal_cortex.c.obj
                0x080004d8                HAL_NVIC_SetPriorityGrouping
 .text.HAL_NVIC_SetPriority
                0x080004fc       0x68 CMakeFiles/06_Timer_Interrupt.elf.dir/Drivers/STM32F1xx_HAL_Driver/Src/stm32f1xx_hal_cortex.c.obj
                0x080004fc                HAL_NVIC_SetPriority
 .text.HAL_NVIC_EnableIRQ
                0x08000564       0x1c CMakeFiles/06_Timer_Interrupt.elf.dir/Drivers/STM32F1xx_HAL_Driver/Src/stm32f1xx_hal_cortex.c.obj
                0x08000564                HAL_NVIC_EnableIRQ
 .text.HAL_SYSTICK_Config
                0x08000580       0x2c CMakeFiles/06_Timer_Interrupt.elf.dir/Drivers/STM32F1xx_HAL_Driver/Src/stm32f1xx_hal_cortex.c.obj
                0x08000580                HAL_SYSTICK_Config
 .text.HAL_GPIO_Init
                0x080005ac      0x238 CMakeFiles/06_Timer_Interrupt.elf.dir/Drivers/STM32F1xx_HAL_Driver/Src/stm32f1xx_hal_gpio.c.obj
                0x080005ac                HAL_GPIO_Init
 .text.HAL_GPIO_WritePin
                0x080007e4        0xc CMakeFiles/06_Timer_Interrupt.elf.dir/Drivers/STM32F1xx_HAL_Driver/Src/stm32f1xx_hal_gpio.c.obj
                0x080007e4                HAL_GPIO_WritePin
 .text.HAL_GPIO_TogglePin
                0x080007f0       0x12 CMakeFiles/06_Timer_Interrupt.elf.dir/Drivers/STM32F1xx_HAL_Driver/Src/stm32f1xx_hal_gpio.c.obj
                0x080007f0                HAL_GPIO_TogglePin
 *fill*         0x08000802        0x2 
 .text.RCC_Delay
                0x08000804       0x2c CMakeFiles/06_Timer_Interrupt.elf.dir/Drivers/STM32F1xx_HAL_Driver/Src/stm32f1xx_hal_rcc.c.obj
 .text.HAL_RCC_OscConfig
                0x08000830      0x410 CMakeFiles/06_Timer_Interrupt.elf.dir/Drivers/STM32F1xx_HAL_Driver/Src/stm32f1xx_hal_rcc.c.obj
                0x08000830                HAL_RCC_OscConfig
 .text.HAL_RCC_GetSysClockFreq
                0x08000c40       0x6c CMakeFiles/06_Timer_Interrupt.elf.dir/Drivers/STM32F1xx_HAL_Driver/Src/stm32f1xx_hal_rcc.c.obj
                0x08000c40                HAL_RCC_GetSysClockFreq
 .text.HAL_RCC_ClockConfig
                0x08000cac      0x16c CMakeFiles/06_Timer_Interrupt.elf.dir/Drivers/STM32F1xx_HAL_Driver/Src/stm32f1xx_hal_rcc.c.obj
                0x08000cac                HAL_RCC_ClockConfig
 .text.HAL_TIM_Base_Start_IT
                0x08000e18       0x78 CMakeFiles/06_Timer_Interrupt.elf.dir/Drivers/STM32F1xx_HAL_Driver/Src/stm32f1xx_hal_tim.c.obj
                0x08000e18                HAL_TIM_Base_Start_IT
 .text.HAL_TIM_OC_DelayElapsedCallback
                0x08000e90        0x2 CMakeFiles/06_Timer_Interrupt.elf.dir/Drivers/STM32F1xx_HAL_Driver/Src/stm32f1xx_hal_tim.c.obj
                0x08000e90                HAL_TIM_OC_DelayElapsedCallback
 .text.HAL_TIM_IC_CaptureCallback
                0x08000e92        0x2 CMakeFiles/06_Timer_Interrupt.elf.dir/Drivers/STM32F1xx_HAL_Driver/Src/stm32f1xx_hal_tim.c.obj
                0x08000e92                HAL_TIM_IC_CaptureCallback
 .text.HAL_TIM_PWM_PulseFinishedCallback
                0x08000e94        0x2 CMakeFiles/06_Timer_Interrupt.elf.dir/Drivers/STM32F1xx_HAL_Driver/Src/stm32f1xx_hal_tim.c.obj
                0x08000e94                HAL_TIM_PWM_PulseFinishedCallback
 .text.HAL_TIM_TriggerCallback
                0x08000e96        0x2 CMakeFiles/06_Timer_Interrupt.elf.dir/Drivers/STM32F1xx_HAL_Driver/Src/stm32f1xx_hal_tim.c.obj
                0x08000e96                HAL_TIM_TriggerCallback
 .text.HAL_TIM_IRQHandler
                0x08000e98      0x17a CMakeFiles/06_Timer_Interrupt.elf.dir/Drivers/STM32F1xx_HAL_Driver/Src/stm32f1xx_hal_tim.c.obj
                0x08000e98                HAL_TIM_IRQHandler
 *fill*         0x08001012        0x2 
 .text.TIM_Base_SetConfig
                0x08001014       0x98 CMakeFiles/06_Timer_Interrupt.elf.dir/Drivers/STM32F1xx_HAL_Driver/Src/stm32f1xx_hal_tim.c.obj
                0x08001014                TIM_Base_SetConfig
 .text.HAL_TIM_Base_Init
                0x080010ac       0x58 CMakeFiles/06_Timer_Interrupt.elf.dir/Drivers/STM32F1xx_HAL_Driver/Src/stm32f1xx_hal_tim.c.obj
                0x080010ac                HAL_TIM_Base_Init
 .text.HAL_TIMEx_CommutCallback
                0x08001104        0x2 CMakeFiles/06_Timer_Interrupt.elf.dir/Drivers/STM32F1xx_HAL_Driver/Src/stm32f1xx_hal_tim_ex.c.obj
                0x08001104                HAL_TIMEx_CommutCallback
 .text.HAL_TIMEx_BreakCallback
                0x08001106        0x2 CMakeFiles/06_Timer_Interrupt.elf.dir/Drivers/STM32F1xx_HAL_Driver/Src/stm32f1xx_hal_tim_ex.c.obj
                0x08001106                HAL_TIMEx_BreakCallback
 .text.Reset_Handler
                0x08001108       0x48 CMakeFiles/06_Timer_Interrupt.elf.dir/startup/startup_stm32f103xe.s.obj
                0x08001108                Reset_Handler
 .text.Default_Handler
                0x08001150        0x2 CMakeFiles/06_Timer_Interrupt.elf.dir/startup/startup_stm32f103xe.s.obj
                0x08001150                RTC_Alarm_IRQHandler
                0x08001150                EXTI2_IRQHandler
                0x08001150                TIM8_TRG_COM_IRQHandler
                0x08001150                TIM8_CC_IRQHandler
                0x08001150                TIM1_CC_IRQHandler
                0x08001150                TIM6_IRQHandler
                0x08001150                PVD_IRQHandler
                0x08001150                SDIO_IRQHandler
                0x08001150                EXTI3_IRQHandler
                0x08001150                EXTI0_IRQHandler
                0x08001150                I2C2_EV_IRQHandler
                0x08001150                ADC1_2_IRQHandler
                0x08001150                SPI1_IRQHandler
                0x08001150                TAMPER_IRQHandler
                0x08001150                TIM8_UP_IRQHandler
                0x08001150                DMA2_Channel2_IRQHandler
                0x08001150                DMA1_Channel4_IRQHandler
                0x08001150                USART3_IRQHandler
                0x08001150                RTC_IRQHandler
                0x08001150                DMA1_Channel7_IRQHandler
                0x08001150                CAN1_RX1_IRQHandler
                0x08001150                UART5_IRQHandler
                0x08001150                ADC3_IRQHandler
                0x08001150                TIM4_IRQHandler
                0x08001150                DMA2_Channel1_IRQHandler
                0x08001150                I2C1_EV_IRQHandler
                0x08001150                DMA1_Channel6_IRQHandler
                0x08001150                UART4_IRQHandler
                0x08001150                RCC_IRQHandler
                0x08001150                TIM1_TRG_COM_IRQHandler
                0x08001150                DMA1_Channel1_IRQHandler
                0x08001150                Default_Handler
                0x08001150                EXTI15_10_IRQHandler
                0x08001150                TIM7_IRQHandler
                0x08001150                TIM5_IRQHandler
                0x08001150                EXTI9_5_IRQHandler
                0x08001150                SPI2_IRQHandler
                0x08001150                DMA1_Channel5_IRQHandler
                0x08001150                EXTI4_IRQHandler
                0x08001150                USB_LP_CAN1_RX0_IRQHandler
                0x08001150                USB_HP_CAN1_TX_IRQHandler
                0x08001150                DMA1_Channel3_IRQHandler
                0x08001150                FSMC_IRQHandler
                0x08001150                TIM1_UP_IRQHandler
                0x08001150                WWDG_IRQHandler
                0x08001150                TIM2_IRQHandler
                0x08001150                TIM1_BRK_IRQHandler
                0x08001150                EXTI1_IRQHandler
                0x08001150                DMA2_Channel4_5_IRQHandler
                0x08001150                USART2_IRQHandler
                0x08001150                I2C2_ER_IRQHandler
                0x08001150                DMA1_Channel2_IRQHandler
                0x08001150                TIM8_BRK_IRQHandler
                0x08001150                CAN1_SCE_IRQHandler
                0x08001150                FLASH_IRQHandler
                0x08001150                USART1_IRQHandler
                0x08001150                SPI3_IRQHandler
                0x08001150                I2C1_ER_IRQHandler
                0x08001150                USBWakeUp_IRQHandler
                0x08001150                DMA2_Channel3_IRQHandler
 *fill*         0x08001152        0x2 
 .text.__libc_init_array
                0x08001154       0x48 c:/progra~2/gnuarm~1/92020-~1/bin/../lib/gcc/arm-none-eabi/9.3.1/../../../../arm-none-eabi/lib/thumb/v7-m/nofp\libg.a(lib_a-init.o)
                0x08001154                __libc_init_array
 .text.startup.register_fini
                0x0800119c       0x14 c:/progra~2/gnuarm~1/92020-~1/bin/../lib/gcc/arm-none-eabi/9.3.1/../../../../arm-none-eabi/lib/thumb/v7-m/nofp\libg.a(lib_a-__call_atexit.o)
 .text.atexit   0x080011b0        0xc c:/progra~2/gnuarm~1/92020-~1/bin/../lib/gcc/arm-none-eabi/9.3.1/../../../../arm-none-eabi/lib/thumb/v7-m/nofp\libg.a(lib_a-atexit.o)
                0x080011b0                atexit
 .text.__libc_fini_array
                0x080011bc       0x2c c:/progra~2/gnuarm~1/92020-~1/bin/../lib/gcc/arm-none-eabi/9.3.1/../../../../arm-none-eabi/lib/thumb/v7-m/nofp\libg.a(lib_a-fini.o)
                0x080011bc                __libc_fini_array
 .text.__retarget_lock_acquire_recursive
                0x080011e8        0x4 c:/progra~2/gnuarm~1/92020-~1/bin/../lib/gcc/arm-none-eabi/9.3.1/../../../../arm-none-eabi/lib/thumb/v7-m/nofp\libg.a(lib_a-lock.o)
                0x080011e8                __retarget_lock_acquire_recursive
 .text.__retarget_lock_release_recursive
                0x080011ec        0x4 c:/progra~2/gnuarm~1/92020-~1/bin/../lib/gcc/arm-none-eabi/9.3.1/../../../../arm-none-eabi/lib/thumb/v7-m/nofp\libg.a(lib_a-lock.o)
                0x080011ec                __retarget_lock_release_recursive
 .text.__register_exitproc
                0x080011f0       0x8c c:/progra~2/gnuarm~1/92020-~1/bin/../lib/gcc/arm-none-eabi/9.3.1/../../../../arm-none-eabi/lib/thumb/v7-m/nofp\libg.a(lib_a-__atexit.o)
                0x080011f0                __register_exitproc
 *(.glue_7)
 .glue_7        0x0800127c        0x0 linker stubs
 *(.glue_7t)
 .glue_7t       0x0800127c        0x0 linker stubs
 *(.eh_frame)
 .eh_frame      0x0800127c        0x0 c:/progra~2/gnuarm~1/92020-~1/bin/../lib/gcc/arm-none-eabi/9.3.1/thumb/v7-m/nofp/crtbegin.o
 *(.init)
 .init          0x0800127c        0x4 c:/progra~2/gnuarm~1/92020-~1/bin/../lib/gcc/arm-none-eabi/9.3.1/thumb/v7-m/nofp/crti.o
                0x0800127c                _init
 .init          0x08001280        0x8 c:/progra~2/gnuarm~1/92020-~1/bin/../lib/gcc/arm-none-eabi/9.3.1/thumb/v7-m/nofp/crtn.o
 *(.fini)
 .fini          0x08001288        0x4 c:/progra~2/gnuarm~1/92020-~1/bin/../lib/gcc/arm-none-eabi/9.3.1/thumb/v7-m/nofp/crti.o
                0x08001288                _fini
 .fini          0x0800128c        0x8 c:/progra~2/gnuarm~1/92020-~1/bin/../lib/gcc/arm-none-eabi/9.3.1/thumb/v7-m/nofp/crtn.o
                0x08001294                . = ALIGN (0x4)
                0x08001294                _etext = .

.vfp11_veneer   0x08001294        0x0
 .vfp11_veneer  0x08001294        0x0 linker stubs

.v4_bx          0x08001294        0x0
 .v4_bx         0x08001294        0x0 linker stubs

.iplt           0x08001294        0x0
 .iplt          0x08001294        0x0 c:/progra~2/gnuarm~1/92020-~1/bin/../lib/gcc/arm-none-eabi/9.3.1/thumb/v7-m/nofp/crtbegin.o

.rodata         0x08001294       0x28
                0x08001294                . = ALIGN (0x4)
 *(.rodata)
 *(.rodata*)
 .rodata.AHBPrescTable
                0x08001294       0x10 CMakeFiles/06_Timer_Interrupt.elf.dir/Core/Src/system_stm32f1xx.c.obj
                0x08001294                AHBPrescTable
 .rodata.HAL_RCC_GetSysClockFreq.str1.4
                0x080012a4       0x11 CMakeFiles/06_Timer_Interrupt.elf.dir/Drivers/STM32F1xx_HAL_Driver/Src/stm32f1xx_hal_rcc.c.obj
 *fill*         0x080012b5        0x3 
 .rodata._global_impure_ptr
                0x080012b8        0x4 c:/progra~2/gnuarm~1/92020-~1/bin/../lib/gcc/arm-none-eabi/9.3.1/../../../../arm-none-eabi/lib/thumb/v7-m/nofp\libg.a(lib_a-impure.o)
                0x080012b8                _global_impure_ptr
                0x080012bc                . = ALIGN (0x4)

.rel.dyn        0x080012bc        0x0
 .rel.iplt      0x080012bc        0x0 c:/progra~2/gnuarm~1/92020-~1/bin/../lib/gcc/arm-none-eabi/9.3.1/thumb/v7-m/nofp/crtbegin.o

.ARM.extab
 *(.ARM.extab* .gnu.linkonce.armextab.*)

.ARM            0x080012bc        0x0
                0x080012bc                __exidx_start = .
 *(.ARM.exidx*)
                0x080012bc                __exidx_end = .

.preinit_array  0x080012bc        0x0
                0x080012bc                PROVIDE (__preinit_array_start = .)
 *(.preinit_array*)
                0x080012bc                PROVIDE (__preinit_array_end = .)

.init_array     0x080012bc        0x8
                0x080012bc                PROVIDE (__init_array_start = .)
 *(SORT_BY_NAME(.init_array.*))
 .init_array.00000
                0x080012bc        0x4 c:/progra~2/gnuarm~1/92020-~1/bin/../lib/gcc/arm-none-eabi/9.3.1/../../../../arm-none-eabi/lib/thumb/v7-m/nofp\libg.a(lib_a-__call_atexit.o)
 *(.init_array*)
 .init_array    0x080012c0        0x4 c:/progra~2/gnuarm~1/92020-~1/bin/../lib/gcc/arm-none-eabi/9.3.1/thumb/v7-m/nofp/crtbegin.o
                0x080012c4                PROVIDE (__init_array_end = .)

.fini_array     0x080012c4        0x4
                0x080012c4                PROVIDE (__fini_array_start = .)
 *(SORT_BY_NAME(.fini_array.*))
 *(.fini_array*)
 .fini_array    0x080012c4        0x4 c:/progra~2/gnuarm~1/92020-~1/bin/../lib/gcc/arm-none-eabi/9.3.1/thumb/v7-m/nofp/crtbegin.o
                0x080012c8                PROVIDE (__fini_array_end = .)
                0x080012c8                _sidata = LOADADDR (.data)

.data           0x20000000      0x43c load address 0x080012c8
                0x20000000                . = ALIGN (0x4)
                0x20000000                _sdata = .
 *(.data)
 *(.data*)
 .data.SystemCoreClock
                0x20000000        0x4 CMakeFiles/06_Timer_Interrupt.elf.dir/Core/Src/system_stm32f1xx.c.obj
                0x20000000                SystemCoreClock
 .data.uwTickFreq
                0x20000004        0x1 CMakeFiles/06_Timer_Interrupt.elf.dir/Drivers/STM32F1xx_HAL_Driver/Src/stm32f1xx_hal.c.obj
                0x20000004                uwTickFreq
 *fill*         0x20000005        0x3 
 .data.uwTickPrio
                0x20000008        0x4 CMakeFiles/06_Timer_Interrupt.elf.dir/Drivers/STM32F1xx_HAL_Driver/Src/stm32f1xx_hal.c.obj
                0x20000008                uwTickPrio
 *fill*         0x2000000c        0x4 
 .data.impure_data
                0x20000010      0x428 c:/progra~2/gnuarm~1/92020-~1/bin/../lib/gcc/arm-none-eabi/9.3.1/../../../../arm-none-eabi/lib/thumb/v7-m/nofp\libg.a(lib_a-impure.o)
 .data.__atexit_recursive_mutex
                0x20000438        0x4 c:/progra~2/gnuarm~1/92020-~1/bin/../lib/gcc/arm-none-eabi/9.3.1/../../../../arm-none-eabi/lib/thumb/v7-m/nofp\libg.a(lib_a-__call_atexit.o)
                0x20000438                __atexit_recursive_mutex
                0x2000043c                . = ALIGN (0x4)
                0x2000043c                _edata = .

.igot.plt       0x2000043c        0x0 load address 0x08001704
 .igot.plt      0x2000043c        0x0 c:/progra~2/gnuarm~1/92020-~1/bin/../lib/gcc/arm-none-eabi/9.3.1/thumb/v7-m/nofp/crtbegin.o
                0x2000043c                . = ALIGN (0x4)

.bss            0x2000043c       0x8c load address 0x08001704
                0x2000043c                _sbss = .
                0x2000043c                __bss_start__ = _sbss
 *(.bss)
 .bss           0x2000043c       0x1c c:/progra~2/gnuarm~1/92020-~1/bin/../lib/gcc/arm-none-eabi/9.3.1/thumb/v7-m/nofp/crtbegin.o
 *(.bss*)
 .bss.htim3     0x20000458       0x48 CMakeFiles/06_Timer_Interrupt.elf.dir/Core/Src/tim.c.obj
                0x20000458                htim3
 .bss.uwTick    0x200004a0        0x4 CMakeFiles/06_Timer_Interrupt.elf.dir/Drivers/STM32F1xx_HAL_Driver/Src/stm32f1xx_hal.c.obj
                0x200004a0                uwTick
 *(COMMON)
 COMMON         0x200004a4       0x21 c:/progra~2/gnuarm~1/92020-~1/bin/../lib/gcc/arm-none-eabi/9.3.1/../../../../arm-none-eabi/lib/thumb/v7-m/nofp\libg.a(lib_a-lock.o)
                0x200004a4                __lock___atexit_recursive_mutex
                0x200004a8                __lock___arc4random_mutex
                0x200004ac                __lock___env_recursive_mutex
                0x200004b0                __lock___sinit_recursive_mutex
                0x200004b4                __lock___malloc_recursive_mutex
                0x200004b8                __lock___at_quick_exit_mutex
                0x200004bc                __lock___dd_hash_mutex
                0x200004c0                __lock___tz_mutex
                0x200004c4                __lock___sfp_recursive_mutex
                0x200004c8                . = ALIGN (0x4)
 *fill*         0x200004c5        0x3 
                0x200004c8                _ebss = .
                0x200004c8                __bss_end__ = _ebss

._user_heap_stack
                0x200004c8      0x600 load address 0x08001704
                0x200004c8                . = ALIGN (0x8)
                0x200004c8                PROVIDE (end = .)
                [!provide]                PROVIDE (_end = .)
                0x200006c8                . = (. + _Min_Heap_Size)
 *fill*         0x200004c8      0x200 
                0x20000ac8                . = (. + _Min_Stack_Size)
 *fill*         0x200006c8      0x400 
                0x20000ac8                . = ALIGN (0x8)

/DISCARD/
 libc.a(*)
 libm.a(*)
 libgcc.a(*)

.ARM.attributes
                0x00000000       0x29
 *(.ARM.attributes)
 .ARM.attributes
                0x00000000       0x1d c:/progra~2/gnuarm~1/92020-~1/bin/../lib/gcc/arm-none-eabi/9.3.1/thumb/v7-m/nofp/crti.o
 .ARM.attributes
                0x0000001d       0x2d c:/progra~2/gnuarm~1/92020-~1/bin/../lib/gcc/arm-none-eabi/9.3.1/thumb/v7-m/nofp/crtbegin.o
 .ARM.attributes
                0x0000004a       0x2d CMakeFiles/06_Timer_Interrupt.elf.dir/Core/Src/gpio.c.obj
 .ARM.attributes
                0x00000077       0x2d CMakeFiles/06_Timer_Interrupt.elf.dir/Core/Src/main.c.obj
 .ARM.attributes
                0x000000a4       0x2d CMakeFiles/06_Timer_Interrupt.elf.dir/Core/Src/stm32f1xx_hal_msp.c.obj
 .ARM.attributes
                0x000000d1       0x2d CMakeFiles/06_Timer_Interrupt.elf.dir/Core/Src/stm32f1xx_it.c.obj
 .ARM.attributes
                0x000000fe       0x2d CMakeFiles/06_Timer_Interrupt.elf.dir/Core/Src/system_stm32f1xx.c.obj
 .ARM.attributes
                0x0000012b       0x2d CMakeFiles/06_Timer_Interrupt.elf.dir/Core/Src/tim.c.obj
 .ARM.attributes
                0x00000158       0x2d CMakeFiles/06_Timer_Interrupt.elf.dir/Drivers/STM32F1xx_HAL_Driver/Src/stm32f1xx_hal.c.obj
 .ARM.attributes
                0x00000185       0x2d CMakeFiles/06_Timer_Interrupt.elf.dir/Drivers/STM32F1xx_HAL_Driver/Src/stm32f1xx_hal_cortex.c.obj
 .ARM.attributes
                0x000001b2       0x2d CMakeFiles/06_Timer_Interrupt.elf.dir/Drivers/STM32F1xx_HAL_Driver/Src/stm32f1xx_hal_gpio.c.obj
 .ARM.attributes
                0x000001df       0x2d CMakeFiles/06_Timer_Interrupt.elf.dir/Drivers/STM32F1xx_HAL_Driver/Src/stm32f1xx_hal_rcc.c.obj
 .ARM.attributes
                0x0000020c       0x2d CMakeFiles/06_Timer_Interrupt.elf.dir/Drivers/STM32F1xx_HAL_Driver/Src/stm32f1xx_hal_tim.c.obj
 .ARM.attributes
                0x00000239       0x2d CMakeFiles/06_Timer_Interrupt.elf.dir/Drivers/STM32F1xx_HAL_Driver/Src/stm32f1xx_hal_tim_ex.c.obj
 .ARM.attributes
                0x00000266       0x21 CMakeFiles/06_Timer_Interrupt.elf.dir/startup/startup_stm32f103xe.s.obj
 .ARM.attributes
                0x00000287       0x2d c:/progra~2/gnuarm~1/92020-~1/bin/../lib/gcc/arm-none-eabi/9.3.1/../../../../arm-none-eabi/lib/thumb/v7-m/nofp\libg.a(lib_a-impure.o)
 .ARM.attributes
                0x000002b4       0x2d c:/progra~2/gnuarm~1/92020-~1/bin/../lib/gcc/arm-none-eabi/9.3.1/../../../../arm-none-eabi/lib/thumb/v7-m/nofp\libg.a(lib_a-init.o)
 .ARM.attributes
                0x000002e1       0x2d c:/progra~2/gnuarm~1/92020-~1/bin/../lib/gcc/arm-none-eabi/9.3.1/../../../../arm-none-eabi/lib/thumb/v7-m/nofp\libg.a(lib_a-__call_atexit.o)
 .ARM.attributes
                0x0000030e       0x2d c:/progra~2/gnuarm~1/92020-~1/bin/../lib/gcc/arm-none-eabi/9.3.1/../../../../arm-none-eabi/lib/thumb/v7-m/nofp\libg.a(lib_a-atexit.o)
 .ARM.attributes
                0x0000033b       0x2d c:/progra~2/gnuarm~1/92020-~1/bin/../lib/gcc/arm-none-eabi/9.3.1/../../../../arm-none-eabi/lib/thumb/v7-m/nofp\libg.a(lib_a-fini.o)
 .ARM.attributes
                0x00000368       0x2d c:/progra~2/gnuarm~1/92020-~1/bin/../lib/gcc/arm-none-eabi/9.3.1/../../../../arm-none-eabi/lib/thumb/v7-m/nofp\libg.a(lib_a-lock.o)
 .ARM.attributes
                0x00000395       0x2d c:/progra~2/gnuarm~1/92020-~1/bin/../lib/gcc/arm-none-eabi/9.3.1/../../../../arm-none-eabi/lib/thumb/v7-m/nofp\libg.a(lib_a-__atexit.o)
 .ARM.attributes
                0x000003c2       0x1d c:/progra~2/gnuarm~1/92020-~1/bin/../lib/gcc/arm-none-eabi/9.3.1/thumb/v7-m/nofp/crtn.o
OUTPUT(06_Timer_Interrupt.elf elf32-littlearm)
LOAD linker stubs
LOAD c:/progra~2/gnuarm~1/92020-~1/bin/../lib/gcc/arm-none-eabi/9.3.1/../../../../arm-none-eabi/lib/thumb/v7-m/nofp\libc.a
LOAD c:/progra~2/gnuarm~1/92020-~1/bin/../lib/gcc/arm-none-eabi/9.3.1/../../../../arm-none-eabi/lib/thumb/v7-m/nofp\libm.a
LOAD c:/progra~2/gnuarm~1/92020-~1/bin/../lib/gcc/arm-none-eabi/9.3.1/thumb/v7-m/nofp\libgcc.a

.debug_info     0x00000000     0xa74a
 .debug_info    0x00000000      0x3e1 CMakeFiles/06_Timer_Interrupt.elf.dir/Core/Src/gpio.c.obj
 .debug_info    0x000003e1      0x93e CMakeFiles/06_Timer_Interrupt.elf.dir/Core/Src/main.c.obj
 .debug_info    0x00000d1f      0x2fd CMakeFiles/06_Timer_Interrupt.elf.dir/Core/Src/stm32f1xx_hal_msp.c.obj
 .debug_info    0x0000101c      0x7e6 CMakeFiles/06_Timer_Interrupt.elf.dir/Core/Src/stm32f1xx_it.c.obj
 .debug_info    0x00001802      0x2c9 CMakeFiles/06_Timer_Interrupt.elf.dir/Core/Src/system_stm32f1xx.c.obj
 .debug_info    0x00001acb      0xce9 CMakeFiles/06_Timer_Interrupt.elf.dir/Core/Src/tim.c.obj
 .debug_info    0x000027b4      0x897 CMakeFiles/06_Timer_Interrupt.elf.dir/Drivers/STM32F1xx_HAL_Driver/Src/stm32f1xx_hal.c.obj
 .debug_info    0x0000304b      0xeac CMakeFiles/06_Timer_Interrupt.elf.dir/Drivers/STM32F1xx_HAL_Driver/Src/stm32f1xx_hal_cortex.c.obj
 .debug_info    0x00003ef7      0x75b CMakeFiles/06_Timer_Interrupt.elf.dir/Drivers/STM32F1xx_HAL_Driver/Src/stm32f1xx_hal_gpio.c.obj
 .debug_info    0x00004652      0xaab CMakeFiles/06_Timer_Interrupt.elf.dir/Drivers/STM32F1xx_HAL_Driver/Src/stm32f1xx_hal_rcc.c.obj
 .debug_info    0x000050fd     0x3b9e CMakeFiles/06_Timer_Interrupt.elf.dir/Drivers/STM32F1xx_HAL_Driver/Src/stm32f1xx_hal_tim.c.obj
 .debug_info    0x00008c9b     0x1a8d CMakeFiles/06_Timer_Interrupt.elf.dir/Drivers/STM32F1xx_HAL_Driver/Src/stm32f1xx_hal_tim_ex.c.obj
 .debug_info    0x0000a728       0x22 CMakeFiles/06_Timer_Interrupt.elf.dir/startup/startup_stm32f103xe.s.obj

.debug_abbrev   0x00000000     0x18a9
 .debug_abbrev  0x00000000      0x17b CMakeFiles/06_Timer_Interrupt.elf.dir/Core/Src/gpio.c.obj
 .debug_abbrev  0x0000017b      0x1f9 CMakeFiles/06_Timer_Interrupt.elf.dir/Core/Src/main.c.obj
 .debug_abbrev  0x00000374      0x12e CMakeFiles/06_Timer_Interrupt.elf.dir/Core/Src/stm32f1xx_hal_msp.c.obj
 .debug_abbrev  0x000004a2      0x193 CMakeFiles/06_Timer_Interrupt.elf.dir/Core/Src/stm32f1xx_it.c.obj
 .debug_abbrev  0x00000635      0x151 CMakeFiles/06_Timer_Interrupt.elf.dir/Core/Src/system_stm32f1xx.c.obj
 .debug_abbrev  0x00000786      0x218 CMakeFiles/06_Timer_Interrupt.elf.dir/Core/Src/tim.c.obj
 .debug_abbrev  0x0000099e      0x219 CMakeFiles/06_Timer_Interrupt.elf.dir/Drivers/STM32F1xx_HAL_Driver/Src/stm32f1xx_hal.c.obj
 .debug_abbrev  0x00000bb7      0x367 CMakeFiles/06_Timer_Interrupt.elf.dir/Drivers/STM32F1xx_HAL_Driver/Src/stm32f1xx_hal_cortex.c.obj
 .debug_abbrev  0x00000f1e      0x213 CMakeFiles/06_Timer_Interrupt.elf.dir/Drivers/STM32F1xx_HAL_Driver/Src/stm32f1xx_hal_gpio.c.obj
 .debug_abbrev  0x00001131      0x28d CMakeFiles/06_Timer_Interrupt.elf.dir/Drivers/STM32F1xx_HAL_Driver/Src/stm32f1xx_hal_rcc.c.obj
 .debug_abbrev  0x000013be      0x26b CMakeFiles/06_Timer_Interrupt.elf.dir/Drivers/STM32F1xx_HAL_Driver/Src/stm32f1xx_hal_tim.c.obj
 .debug_abbrev  0x00001629      0x26e CMakeFiles/06_Timer_Interrupt.elf.dir/Drivers/STM32F1xx_HAL_Driver/Src/stm32f1xx_hal_tim_ex.c.obj
 .debug_abbrev  0x00001897       0x12 CMakeFiles/06_Timer_Interrupt.elf.dir/startup/startup_stm32f103xe.s.obj

.debug_aranges  0x00000000      0x8f0
 .debug_aranges
                0x00000000       0x20 CMakeFiles/06_Timer_Interrupt.elf.dir/Core/Src/gpio.c.obj
 .debug_aranges
                0x00000020       0x30 CMakeFiles/06_Timer_Interrupt.elf.dir/Core/Src/main.c.obj
 .debug_aranges
                0x00000050       0x20 CMakeFiles/06_Timer_Interrupt.elf.dir/Core/Src/stm32f1xx_hal_msp.c.obj
 .debug_aranges
                0x00000070       0x68 CMakeFiles/06_Timer_Interrupt.elf.dir/Core/Src/stm32f1xx_it.c.obj
 .debug_aranges
                0x000000d8       0x28 CMakeFiles/06_Timer_Interrupt.elf.dir/Core/Src/system_stm32f1xx.c.obj
 .debug_aranges
                0x00000100       0x38 CMakeFiles/06_Timer_Interrupt.elf.dir/Core/Src/tim.c.obj
 .debug_aranges
                0x00000138       0xe0 CMakeFiles/06_Timer_Interrupt.elf.dir/Drivers/STM32F1xx_HAL_Driver/Src/stm32f1xx_hal.c.obj
 .debug_aranges
                0x00000218       0x90 CMakeFiles/06_Timer_Interrupt.elf.dir/Drivers/STM32F1xx_HAL_Driver/Src/stm32f1xx_hal_cortex.c.obj
 .debug_aranges
                0x000002a8       0x58 CMakeFiles/06_Timer_Interrupt.elf.dir/Drivers/STM32F1xx_HAL_Driver/Src/stm32f1xx_hal_gpio.c.obj
 .debug_aranges
                0x00000300       0x90 CMakeFiles/06_Timer_Interrupt.elf.dir/Drivers/STM32F1xx_HAL_Driver/Src/stm32f1xx_hal_rcc.c.obj
 .debug_aranges
                0x00000390      0x3d0 CMakeFiles/06_Timer_Interrupt.elf.dir/Drivers/STM32F1xx_HAL_Driver/Src/stm32f1xx_hal_tim.c.obj
 .debug_aranges
                0x00000760      0x168 CMakeFiles/06_Timer_Interrupt.elf.dir/Drivers/STM32F1xx_HAL_Driver/Src/stm32f1xx_hal_tim_ex.c.obj
 .debug_aranges
                0x000008c8       0x28 CMakeFiles/06_Timer_Interrupt.elf.dir/startup/startup_stm32f103xe.s.obj

.debug_ranges   0x00000000      0x8a8
 .debug_ranges  0x00000000       0x10 CMakeFiles/06_Timer_Interrupt.elf.dir/Core/Src/gpio.c.obj
 .debug_ranges  0x00000010       0x20 CMakeFiles/06_Timer_Interrupt.elf.dir/Core/Src/main.c.obj
 .debug_ranges  0x00000030       0x10 CMakeFiles/06_Timer_Interrupt.elf.dir/Core/Src/stm32f1xx_hal_msp.c.obj
 .debug_ranges  0x00000040       0x58 CMakeFiles/06_Timer_Interrupt.elf.dir/Core/Src/stm32f1xx_it.c.obj
 .debug_ranges  0x00000098       0x18 CMakeFiles/06_Timer_Interrupt.elf.dir/Core/Src/system_stm32f1xx.c.obj
 .debug_ranges  0x000000b0       0x28 CMakeFiles/06_Timer_Interrupt.elf.dir/Core/Src/tim.c.obj
 .debug_ranges  0x000000d8       0xd0 CMakeFiles/06_Timer_Interrupt.elf.dir/Drivers/STM32F1xx_HAL_Driver/Src/stm32f1xx_hal.c.obj
 .debug_ranges  0x000001a8       0xe0 CMakeFiles/06_Timer_Interrupt.elf.dir/Drivers/STM32F1xx_HAL_Driver/Src/stm32f1xx_hal_cortex.c.obj
 .debug_ranges  0x00000288       0x48 CMakeFiles/06_Timer_Interrupt.elf.dir/Drivers/STM32F1xx_HAL_Driver/Src/stm32f1xx_hal_gpio.c.obj
 .debug_ranges  0x000002d0       0xa0 CMakeFiles/06_Timer_Interrupt.elf.dir/Drivers/STM32F1xx_HAL_Driver/Src/stm32f1xx_hal_rcc.c.obj
 .debug_ranges  0x00000370      0x3c0 CMakeFiles/06_Timer_Interrupt.elf.dir/Drivers/STM32F1xx_HAL_Driver/Src/stm32f1xx_hal_tim.c.obj
 .debug_ranges  0x00000730      0x158 CMakeFiles/06_Timer_Interrupt.elf.dir/Drivers/STM32F1xx_HAL_Driver/Src/stm32f1xx_hal_tim_ex.c.obj
 .debug_ranges  0x00000888       0x20 CMakeFiles/06_Timer_Interrupt.elf.dir/startup/startup_stm32f103xe.s.obj

.debug_line     0x00000000     0x9f89
 .debug_line    0x00000000      0x309 CMakeFiles/06_Timer_Interrupt.elf.dir/Core/Src/gpio.c.obj
 .debug_line    0x00000309      0x44d CMakeFiles/06_Timer_Interrupt.elf.dir/Core/Src/main.c.obj
 .debug_line    0x00000756      0x2d5 CMakeFiles/06_Timer_Interrupt.elf.dir/Core/Src/stm32f1xx_hal_msp.c.obj
 .debug_line    0x00000a2b      0x3fd CMakeFiles/06_Timer_Interrupt.elf.dir/Core/Src/stm32f1xx_it.c.obj
 .debug_line    0x00000e28      0x388 CMakeFiles/06_Timer_Interrupt.elf.dir/Core/Src/system_stm32f1xx.c.obj
 .debug_line    0x000011b0      0x49f CMakeFiles/06_Timer_Interrupt.elf.dir/Core/Src/tim.c.obj
 .debug_line    0x0000164f      0x618 CMakeFiles/06_Timer_Interrupt.elf.dir/Drivers/STM32F1xx_HAL_Driver/Src/stm32f1xx_hal.c.obj
 .debug_line    0x00001c67      0x76e CMakeFiles/06_Timer_Interrupt.elf.dir/Drivers/STM32F1xx_HAL_Driver/Src/stm32f1xx_hal_cortex.c.obj
 .debug_line    0x000023d5      0x72b CMakeFiles/06_Timer_Interrupt.elf.dir/Drivers/STM32F1xx_HAL_Driver/Src/stm32f1xx_hal_gpio.c.obj
 .debug_line    0x00002b00      0xd35 CMakeFiles/06_Timer_Interrupt.elf.dir/Drivers/STM32F1xx_HAL_Driver/Src/stm32f1xx_hal_rcc.c.obj
 .debug_line    0x00003835     0x488e CMakeFiles/06_Timer_Interrupt.elf.dir/Drivers/STM32F1xx_HAL_Driver/Src/stm32f1xx_hal_tim.c.obj
 .debug_line    0x000080c3     0x1e00 CMakeFiles/06_Timer_Interrupt.elf.dir/Drivers/STM32F1xx_HAL_Driver/Src/stm32f1xx_hal_tim_ex.c.obj
 .debug_line    0x00009ec3       0xc6 CMakeFiles/06_Timer_Interrupt.elf.dir/startup/startup_stm32f103xe.s.obj

.debug_str      0x00000000     0x30e0
 .debug_str     0x00000000      0x38f CMakeFiles/06_Timer_Interrupt.elf.dir/Core/Src/gpio.c.obj
                                0x3ea (size before relaxing)
 .debug_str     0x0000038f      0x65e CMakeFiles/06_Timer_Interrupt.elf.dir/Core/Src/main.c.obj
                                0x974 (size before relaxing)
 .debug_str     0x000009ed       0xa3 CMakeFiles/06_Timer_Interrupt.elf.dir/Core/Src/stm32f1xx_hal_msp.c.obj
                                0x38c (size before relaxing)
 .debug_str     0x00000a90      0x123 CMakeFiles/06_Timer_Interrupt.elf.dir/Core/Src/stm32f1xx_it.c.obj
                                0x880 (size before relaxing)
 .debug_str     0x00000bb3       0x9b CMakeFiles/06_Timer_Interrupt.elf.dir/Core/Src/system_stm32f1xx.c.obj
                                0x383 (size before relaxing)
 .debug_str     0x00000c4e      0x580 CMakeFiles/06_Timer_Interrupt.elf.dir/Core/Src/tim.c.obj
                                0xdd5 (size before relaxing)
 .debug_str     0x000011ce      0x2d6 CMakeFiles/06_Timer_Interrupt.elf.dir/Drivers/STM32F1xx_HAL_Driver/Src/stm32f1xx_hal.c.obj
                                0x9e4 (size before relaxing)
 .debug_str     0x000014a4      0x3dd CMakeFiles/06_Timer_Interrupt.elf.dir/Drivers/STM32F1xx_HAL_Driver/Src/stm32f1xx_hal_cortex.c.obj
                                0xb00 (size before relaxing)
 .debug_str     0x00001881      0x150 CMakeFiles/06_Timer_Interrupt.elf.dir/Drivers/STM32F1xx_HAL_Driver/Src/stm32f1xx_hal_gpio.c.obj
                                0x56d (size before relaxing)
 .debug_str     0x000019d1      0x23d CMakeFiles/06_Timer_Interrupt.elf.dir/Drivers/STM32F1xx_HAL_Driver/Src/stm32f1xx_hal_rcc.c.obj
                                0x74f (size before relaxing)
 .debug_str     0x00001c0e      0xe9e CMakeFiles/06_Timer_Interrupt.elf.dir/Drivers/STM32F1xx_HAL_Driver/Src/stm32f1xx_hal_tim.c.obj
                               0x17a5 (size before relaxing)
 .debug_str     0x00002aac      0x5bc CMakeFiles/06_Timer_Interrupt.elf.dir/Drivers/STM32F1xx_HAL_Driver/Src/stm32f1xx_hal_tim_ex.c.obj
                                0xfcf (size before relaxing)
 .debug_str     0x00003068       0x78 CMakeFiles/06_Timer_Interrupt.elf.dir/startup/startup_stm32f103xe.s.obj
                                 0xd6 (size before relaxing)

.comment        0x00000000       0x4c
 .comment       0x00000000       0x4c CMakeFiles/06_Timer_Interrupt.elf.dir/Core/Src/gpio.c.obj
                                 0x4d (size before relaxing)
 .comment       0x0000004c       0x4d CMakeFiles/06_Timer_Interrupt.elf.dir/Core/Src/main.c.obj
 .comment       0x0000004c       0x4d CMakeFiles/06_Timer_Interrupt.elf.dir/Core/Src/stm32f1xx_hal_msp.c.obj
 .comment       0x0000004c       0x4d CMakeFiles/06_Timer_Interrupt.elf.dir/Core/Src/stm32f1xx_it.c.obj
 .comment       0x0000004c       0x4d CMakeFiles/06_Timer_Interrupt.elf.dir/Core/Src/system_stm32f1xx.c.obj
 .comment       0x0000004c       0x4d CMakeFiles/06_Timer_Interrupt.elf.dir/Core/Src/tim.c.obj
 .comment       0x0000004c       0x4d CMakeFiles/06_Timer_Interrupt.elf.dir/Drivers/STM32F1xx_HAL_Driver/Src/stm32f1xx_hal.c.obj
 .comment       0x0000004c       0x4d CMakeFiles/06_Timer_Interrupt.elf.dir/Drivers/STM32F1xx_HAL_Driver/Src/stm32f1xx_hal_cortex.c.obj
 .comment       0x0000004c       0x4d CMakeFiles/06_Timer_Interrupt.elf.dir/Drivers/STM32F1xx_HAL_Driver/Src/stm32f1xx_hal_gpio.c.obj
 .comment       0x0000004c       0x4d CMakeFiles/06_Timer_Interrupt.elf.dir/Drivers/STM32F1xx_HAL_Driver/Src/stm32f1xx_hal_rcc.c.obj
 .comment       0x0000004c       0x4d CMakeFiles/06_Timer_Interrupt.elf.dir/Drivers/STM32F1xx_HAL_Driver/Src/stm32f1xx_hal_tim.c.obj
 .comment       0x0000004c       0x4d CMakeFiles/06_Timer_Interrupt.elf.dir/Drivers/STM32F1xx_HAL_Driver/Src/stm32f1xx_hal_tim_ex.c.obj

.debug_frame    0x00000000     0x1874
 .debug_frame   0x00000000       0x30 CMakeFiles/06_Timer_Interrupt.elf.dir/Core/Src/gpio.c.obj
 .debug_frame   0x00000030       0x58 CMakeFiles/06_Timer_Interrupt.elf.dir/Core/Src/main.c.obj
 .debug_frame   0x00000088       0x28 CMakeFiles/06_Timer_Interrupt.elf.dir/Core/Src/stm32f1xx_hal_msp.c.obj
 .debug_frame   0x000000b0       0xc0 CMakeFiles/06_Timer_Interrupt.elf.dir/Core/Src/stm32f1xx_it.c.obj
 .debug_frame   0x00000170       0x30 CMakeFiles/06_Timer_Interrupt.elf.dir/Core/Src/system_stm32f1xx.c.obj
 .debug_frame   0x000001a0       0x78 CMakeFiles/06_Timer_Interrupt.elf.dir/Core/Src/tim.c.obj
 .debug_frame   0x00000218      0x1cc CMakeFiles/06_Timer_Interrupt.elf.dir/Drivers/STM32F1xx_HAL_Driver/Src/stm32f1xx_hal.c.obj
 .debug_frame   0x000003e4      0x12c CMakeFiles/06_Timer_Interrupt.elf.dir/Drivers/STM32F1xx_HAL_Driver/Src/stm32f1xx_hal_cortex.c.obj
 .debug_frame   0x00000510       0xe8 CMakeFiles/06_Timer_Interrupt.elf.dir/Drivers/STM32F1xx_HAL_Driver/Src/stm32f1xx_hal_gpio.c.obj
 .debug_frame   0x000005f8      0x190 CMakeFiles/06_Timer_Interrupt.elf.dir/Drivers/STM32F1xx_HAL_Driver/Src/stm32f1xx_hal_rcc.c.obj
 .debug_frame   0x00000788      0xb14 CMakeFiles/06_Timer_Interrupt.elf.dir/Drivers/STM32F1xx_HAL_Driver/Src/stm32f1xx_hal_tim.c.obj
 .debug_frame   0x0000129c      0x418 CMakeFiles/06_Timer_Interrupt.elf.dir/Drivers/STM32F1xx_HAL_Driver/Src/stm32f1xx_hal_tim_ex.c.obj
 .debug_frame   0x000016b4       0x2c c:/progra~2/gnuarm~1/92020-~1/bin/../lib/gcc/arm-none-eabi/9.3.1/../../../../arm-none-eabi/lib/thumb/v7-m/nofp\libg.a(lib_a-init.o)
 .debug_frame   0x000016e0       0x5c c:/progra~2/gnuarm~1/92020-~1/bin/../lib/gcc/arm-none-eabi/9.3.1/../../../../arm-none-eabi/lib/thumb/v7-m/nofp\libg.a(lib_a-__call_atexit.o)
 .debug_frame   0x0000173c       0x20 c:/progra~2/gnuarm~1/92020-~1/bin/../lib/gcc/arm-none-eabi/9.3.1/../../../../arm-none-eabi/lib/thumb/v7-m/nofp\libg.a(lib_a-atexit.o)
 .debug_frame   0x0000175c       0x34 c:/progra~2/gnuarm~1/92020-~1/bin/../lib/gcc/arm-none-eabi/9.3.1/../../../../arm-none-eabi/lib/thumb/v7-m/nofp\libg.a(lib_a-fini.o)
 .debug_frame   0x00001790       0xb0 c:/progra~2/gnuarm~1/92020-~1/bin/../lib/gcc/arm-none-eabi/9.3.1/../../../../arm-none-eabi/lib/thumb/v7-m/nofp\libg.a(lib_a-lock.o)
 .debug_frame   0x00001840       0x34 c:/progra~2/gnuarm~1/92020-~1/bin/../lib/gcc/arm-none-eabi/9.3.1/../../../../arm-none-eabi/lib/thumb/v7-m/nofp\libg.a(lib_a-__atexit.o)

.debug_loc      0x00000000     0x7676
 .debug_loc     0x00000000       0x15 CMakeFiles/06_Timer_Interrupt.elf.dir/Core/Src/stm32f1xx_hal_msp.c.obj
 .debug_loc     0x00000015       0xff CMakeFiles/06_Timer_Interrupt.elf.dir/Core/Src/system_stm32f1xx.c.obj
 .debug_loc     0x00000114       0xc6 CMakeFiles/06_Timer_Interrupt.elf.dir/Core/Src/tim.c.obj
 .debug_loc     0x000001da      0x141 CMakeFiles/06_Timer_Interrupt.elf.dir/Drivers/STM32F1xx_HAL_Driver/Src/stm32f1xx_hal.c.obj
 .debug_loc     0x0000031b      0x71f CMakeFiles/06_Timer_Interrupt.elf.dir/Drivers/STM32F1xx_HAL_Driver/Src/stm32f1xx_hal_cortex.c.obj
 .debug_loc     0x00000a3a      0x45b CMakeFiles/06_Timer_Interrupt.elf.dir/Drivers/STM32F1xx_HAL_Driver/Src/stm32f1xx_hal_gpio.c.obj
 .debug_loc     0x00000e95      0x610 CMakeFiles/06_Timer_Interrupt.elf.dir/Drivers/STM32F1xx_HAL_Driver/Src/stm32f1xx_hal_rcc.c.obj
 .debug_loc     0x000014a5     0x4728 CMakeFiles/06_Timer_Interrupt.elf.dir/Drivers/STM32F1xx_HAL_Driver/Src/stm32f1xx_hal_tim.c.obj
 .debug_loc     0x00005bcd     0x1aa9 CMakeFiles/06_Timer_Interrupt.elf.dir/Drivers/STM32F1xx_HAL_Driver/Src/stm32f1xx_hal_tim_ex.c.obj
