Archive member included to satisfy reference by file (symbol)

c:/progra~2/gnuarm~1/92020-~1/bin/../lib/gcc/arm-none-eabi/9.3.1/../../../../arm-none-eabi/lib/thumb/v7-m/nofp\libg.a(lib_a-errno.o)
                              CMakeFiles/03_usartx.elf.dir/Core/Src/syscalls.c.obj (__errno)
c:/progra~2/gnuarm~1/92020-~1/bin/../lib/gcc/arm-none-eabi/9.3.1/../../../../arm-none-eabi/lib/thumb/v7-m/nofp\libg.a(lib_a-exit.o)
                              c:/progra~2/gnuarm~1/92020-~1/bin/../lib/gcc/arm-none-eabi/9.3.1/../../../../arm-none-eabi/lib/thumb/v7-m/nofp/crt0.o (exit)
c:/progra~2/gnuarm~1/92020-~1/bin/../lib/gcc/arm-none-eabi/9.3.1/../../../../arm-none-eabi/lib/thumb/v7-m/nofp\libg.a(lib_a-impure.o)
                              c:/progra~2/gnuarm~1/92020-~1/bin/../lib/gcc/arm-none-eabi/9.3.1/../../../../arm-none-eabi/lib/thumb/v7-m/nofp\libg.a(lib_a-exit.o) (_global_impure_ptr)
c:/progra~2/gnuarm~1/92020-~1/bin/../lib/gcc/arm-none-eabi/9.3.1/../../../../arm-none-eabi/lib/thumb/v7-m/nofp\libg.a(lib_a-init.o)
                              c:/progra~2/gnuarm~1/92020-~1/bin/../lib/gcc/arm-none-eabi/9.3.1/../../../../arm-none-eabi/lib/thumb/v7-m/nofp/crt0.o (__libc_init_array)
c:/progra~2/gnuarm~1/92020-~1/bin/../lib/gcc/arm-none-eabi/9.3.1/../../../../arm-none-eabi/lib/thumb/v7-m/nofp\libg.a(lib_a-memset.o)
                              c:/progra~2/gnuarm~1/92020-~1/bin/../lib/gcc/arm-none-eabi/9.3.1/../../../../arm-none-eabi/lib/thumb/v7-m/nofp/crt0.o (memset)
c:/progra~2/gnuarm~1/92020-~1/bin/../lib/gcc/arm-none-eabi/9.3.1/../../../../arm-none-eabi/lib/thumb/v7-m/nofp\libg.a(lib_a-puts.o)
                              CMakeFiles/03_usartx.elf.dir/Core/Src/main.c.obj (puts)
c:/progra~2/gnuarm~1/92020-~1/bin/../lib/gcc/arm-none-eabi/9.3.1/../../../../arm-none-eabi/lib/thumb/v7-m/nofp\libg.a(lib_a-strlen-stub.o)
                              c:/progra~2/gnuarm~1/92020-~1/bin/../lib/gcc/arm-none-eabi/9.3.1/../../../../arm-none-eabi/lib/thumb/v7-m/nofp\libg.a(lib_a-puts.o) (strlen)
c:/progra~2/gnuarm~1/92020-~1/bin/../lib/gcc/arm-none-eabi/9.3.1/../../../../arm-none-eabi/lib/thumb/v7-m/nofp\libg.a(lib_a-__call_atexit.o)
                              c:/progra~2/gnuarm~1/92020-~1/bin/../lib/gcc/arm-none-eabi/9.3.1/../../../../arm-none-eabi/lib/thumb/v7-m/nofp\libg.a(lib_a-exit.o) (__call_exitprocs)
c:/progra~2/gnuarm~1/92020-~1/bin/../lib/gcc/arm-none-eabi/9.3.1/../../../../arm-none-eabi/lib/thumb/v7-m/nofp\libg.a(lib_a-atexit.o)
                              c:/progra~2/gnuarm~1/92020-~1/bin/../lib/gcc/arm-none-eabi/9.3.1/../../../../arm-none-eabi/lib/thumb/v7-m/nofp\libg.a(lib_a-__call_atexit.o) (atexit)
c:/progra~2/gnuarm~1/92020-~1/bin/../lib/gcc/arm-none-eabi/9.3.1/../../../../arm-none-eabi/lib/thumb/v7-m/nofp\libg.a(lib_a-findfp.o)
                              c:/progra~2/gnuarm~1/92020-~1/bin/../lib/gcc/arm-none-eabi/9.3.1/../../../../arm-none-eabi/lib/thumb/v7-m/nofp\libg.a(lib_a-puts.o) (__sinit)
c:/progra~2/gnuarm~1/92020-~1/bin/../lib/gcc/arm-none-eabi/9.3.1/../../../../arm-none-eabi/lib/thumb/v7-m/nofp\libg.a(lib_a-fini.o)
                              c:/progra~2/gnuarm~1/92020-~1/bin/../lib/gcc/arm-none-eabi/9.3.1/../../../../arm-none-eabi/lib/thumb/v7-m/nofp\libg.a(lib_a-__call_atexit.o) (__libc_fini_array)
c:/progra~2/gnuarm~1/92020-~1/bin/../lib/gcc/arm-none-eabi/9.3.1/../../../../arm-none-eabi/lib/thumb/v7-m/nofp\libg.a(lib_a-fvwrite.o)
                              c:/progra~2/gnuarm~1/92020-~1/bin/../lib/gcc/arm-none-eabi/9.3.1/../../../../arm-none-eabi/lib/thumb/v7-m/nofp\libg.a(lib_a-puts.o) (__sfvwrite_r)
c:/progra~2/gnuarm~1/92020-~1/bin/../lib/gcc/arm-none-eabi/9.3.1/../../../../arm-none-eabi/lib/thumb/v7-m/nofp\libg.a(lib_a-fwalk.o)
                              c:/progra~2/gnuarm~1/92020-~1/bin/../lib/gcc/arm-none-eabi/9.3.1/../../../../arm-none-eabi/lib/thumb/v7-m/nofp\libg.a(lib_a-findfp.o) (_fwalk)
c:/progra~2/gnuarm~1/92020-~1/bin/../lib/gcc/arm-none-eabi/9.3.1/../../../../arm-none-eabi/lib/thumb/v7-m/nofp\libg.a(lib_a-lock.o)
                              c:/progra~2/gnuarm~1/92020-~1/bin/../lib/gcc/arm-none-eabi/9.3.1/../../../../arm-none-eabi/lib/thumb/v7-m/nofp\libg.a(lib_a-findfp.o) (__retarget_lock_init_recursive)
c:/progra~2/gnuarm~1/92020-~1/bin/../lib/gcc/arm-none-eabi/9.3.1/../../../../arm-none-eabi/lib/thumb/v7-m/nofp\libg.a(lib_a-mallocr.o)
                              c:/progra~2/gnuarm~1/92020-~1/bin/../lib/gcc/arm-none-eabi/9.3.1/../../../../arm-none-eabi/lib/thumb/v7-m/nofp\libg.a(lib_a-findfp.o) (_malloc_r)
c:/progra~2/gnuarm~1/92020-~1/bin/../lib/gcc/arm-none-eabi/9.3.1/../../../../arm-none-eabi/lib/thumb/v7-m/nofp\libg.a(lib_a-memchr-stub.o)
                              c:/progra~2/gnuarm~1/92020-~1/bin/../lib/gcc/arm-none-eabi/9.3.1/../../../../arm-none-eabi/lib/thumb/v7-m/nofp\libg.a(lib_a-fvwrite.o) (memchr)
c:/progra~2/gnuarm~1/92020-~1/bin/../lib/gcc/arm-none-eabi/9.3.1/../../../../arm-none-eabi/lib/thumb/v7-m/nofp\libg.a(lib_a-memcpy.o)
[...]
Memory Configuration

Name             Origin             Length             Attributes
RAM              0x20000000         0x00010000         xrw
FLASH            0x08000000         0x00080000         xr
*default*        0x00000000         0xffffffff

Linker script and memory map

LOAD c:/progra~2/gnuarm~1/92020-~1/bin/../lib/gcc/arm-none-eabi/9.3.1/thumb/v7-m/nofp/crti.o
LOAD c:/progra~2/gnuarm~1/92020-~1/bin/../lib/gcc/arm-none-eabi/9.3.1/thumb/v7-m/nofp/crtbegin.o
LOAD c:/progra~2/gnuarm~1/92020-~1/bin/../lib/gcc/arm-none-eabi/9.3.1/../../../../arm-none-eabi/lib/thumb/v7-m/nofp/crt0.o
LOAD CMakeFiles/03_usartx.elf.dir/Core/Src/gpio.c.obj
LOAD CMakeFiles/03_usartx.elf.dir/Core/Src/main.c.obj
LOAD CMakeFiles/03_usartx.elf.dir/Core/Src/stm32f1xx_hal_msp.c.obj
LOAD CMakeFiles/03_usartx.elf.dir/Core/Src/stm32f1xx_it.c.obj
LOAD CMakeFiles/03_usartx.elf.dir/Core/Src/syscalls.c.obj
LOAD CMakeFiles/03_usartx.elf.dir/Core/Src/system_stm32f1xx.c.obj
LOAD CMakeFiles/03_usartx.elf.dir/Core/Src/usart.c.obj
LOAD CMakeFiles/03_usartx.elf.dir/Drivers/STM32F1xx_HAL_Driver/Src/stm32f1xx_hal.c.obj
LOAD CMakeFiles/03_usartx.elf.dir/Drivers/STM32F1xx_HAL_Driver/Src/stm32f1xx_hal_cortex.c.obj
LOAD CMakeFiles/03_usartx.elf.dir/Drivers/STM32F1xx_HAL_Driver/Src/stm32f1xx_hal_dma.c.obj
LOAD CMakeFiles/03_usartx.elf.dir/Drivers/STM32F1xx_HAL_Driver/Src/stm32f1xx_hal_exti.c.obj
LOAD CMakeFiles/03_usartx.elf.dir/Drivers/STM32F1xx_HAL_Driver/Src/stm32f1xx_hal_flash.c.obj
LOAD CMakeFiles/03_usartx.elf.dir/Drivers/STM32F1xx_HAL_Driver/Src/stm32f1xx_hal_flash_ex.c.obj
LOAD CMakeFiles/03_usartx.elf.dir/Drivers/STM32F1xx_HAL_Driver/Src/stm32f1xx_hal_gpio.c.obj
LOAD CMakeFiles/03_usartx.elf.dir/Drivers/STM32F1xx_HAL_Driver/Src/stm32f1xx_hal_gpio_ex.c.obj
LOAD CMakeFiles/03_usartx.elf.dir/Drivers/STM32F1xx_HAL_Driver/Src/stm32f1xx_hal_pwr.c.obj
LOAD CMakeFiles/03_usartx.elf.dir/Drivers/STM32F1xx_HAL_Driver/Src/stm32f1xx_hal_rcc.c.obj
LOAD CMakeFiles/03_usartx.elf.dir/Drivers/STM32F1xx_HAL_Driver/Src/stm32f1xx_hal_rcc_ex.c.obj
LOAD CMakeFiles/03_usartx.elf.dir/Drivers/STM32F1xx_HAL_Driver/Src/stm32f1xx_hal_tim.c.obj
LOAD CMakeFiles/03_usartx.elf.dir/Drivers/STM32F1xx_HAL_Driver/Src/stm32f1xx_hal_tim_ex.c.obj
LOAD CMakeFiles/03_usartx.elf.dir/Drivers/STM32F1xx_HAL_Driver/Src/stm32f1xx_hal_uart.c.obj
LOAD CMakeFiles/03_usartx.elf.dir/startup/startup_stm32f103xe.s.obj
START GROUP
LOAD c:/progra~2/gnuarm~1/92020-~1/bin/../lib/gcc/arm-none-eabi/9.3.1/thumb/v7-m/nofp\libgcc.a
LOAD c:/progra~2/gnuarm~1/92020-~1/bin/../lib/gcc/arm-none-eabi/9.3.1/../../../../arm-none-eabi/lib/thumb/v7-m/nofp\libg.a
LOAD c:/progra~2/gnuarm~1/92020-~1/bin/../lib/gcc/arm-none-eabi/9.3.1/../../../../arm-none-eabi/lib/thumb/v7-m/nofp\libc.a
END GROUP
LOAD c:/progra~2/gnuarm~1/92020-~1/bin/../lib/gcc/arm-none-eabi/9.3.1/thumb/v7-m/nofp/crtend.o
LOAD c:/progra~2/gnuarm~1/92020-~1/bin/../lib/gcc/arm-none-eabi/9.3.1/thumb/v7-m/nofp/crtn.o
                0x20010000                _estack = 0x20010000
                0x00000200                _Min_Heap_Size = 0x200
                0x00000400                _Min_Stack_Size = 0x400

.isr_vector     0x08000000      0x1e4
                0x08000000                . = ALIGN (0x4)
 *(.isr_vector)
 .isr_vector    0x08000000      0x1e4 CMakeFiles/03_usartx.elf.dir/startup/startup_stm32f103xe.s.obj
                0x08000000                g_pfnVectors
                0x080001e4                . = ALIGN (0x4)

.text           0x080001e4     0x2ea0
                0x080001e4                . = ALIGN (0x4)
 *(.text)
 .text          0x080001e4       0x40 c:/progra~2/gnuarm~1/92020-~1/bin/../lib/gcc/arm-none-eabi/9.3.1/thumb/v7-m/nofp/crtbegin.o
 .text          0x08000224       0xec c:/progra~2/gnuarm~1/92020-~1/bin/../lib/gcc/arm-none-eabi/9.3.1/../../../../arm-none-eabi/lib/thumb/v7-m/nofp\libg.a(lib_a-memcpy.o)
                0x08000224                memcpy
 *(.text*)
 .text.MX_GPIO_Init
                0x08000310       0x64 CMakeFiles/03_usartx.elf.dir/Core/Src/gpio.c.obj
                0x08000310                MX_GPIO_Init
 .text.SystemClock_Config
                0x08000374       0x52 CMakeFiles/03_usartx.elf.dir/Core/Src/main.c.obj
                0x08000374                SystemClock_Config
 *fill*         0x080003c6        0x2 
 .text.main     0x080003c8       0x34 CMakeFiles/03_usartx.elf.dir/Core/Src/main.c.obj
                0x080003c8                main
 .text.Error_Handler
                0x080003fc        0x2 CMakeFiles/03_usartx.elf.dir/Core/Src/main.c.obj
                0x080003fc                Error_Handler
 *fill*         0x080003fe        0x2 
 .text.HAL_MspInit
                0x08000400       0x44 CMakeFiles/03_usartx.elf.dir/Core/Src/stm32f1xx_hal_msp.c.obj
                0x08000400                HAL_MspInit
 .text.NMI_Handler
                0x08000444        0x2 CMakeFiles/03_usartx.elf.dir/Core/Src/stm32f1xx_it.c.obj
                0x08000444                NMI_Handler
 .text.HardFault_Handler
                0x08000446        0x2 CMakeFiles/03_usartx.elf.dir/Core/Src/stm32f1xx_it.c.obj
                0x08000446                HardFault_Handler
 .text.MemManage_Handler
                0x08000448        0x2 CMakeFiles/03_usartx.elf.dir/Core/Src/stm32f1xx_it.c.obj
                0x08000448                MemManage_Handler
 .text.BusFault_Handler
                0x0800044a        0x2 CMakeFiles/03_usartx.elf.dir/Core/Src/stm32f1xx_it.c.obj
                0x0800044a                BusFault_Handler
 .text.UsageFault_Handler
                0x0800044c        0x2 CMakeFiles/03_usartx.elf.dir/Core/Src/stm32f1xx_it.c.obj
                0x0800044c                UsageFault_Handler
 .text.SVC_Handler
                0x0800044e        0x2 CMakeFiles/03_usartx.elf.dir/Core/Src/stm32f1xx_it.c.obj
                0x0800044e                SVC_Handler
 .text.DebugMon_Handler
                0x08000450        0x2 CMakeFiles/03_usartx.elf.dir/Core/Src/stm32f1xx_it.c.obj
                0x08000450                DebugMon_Handler
 .text.PendSV_Handler
                0x08000452        0x2 CMakeFiles/03_usartx.elf.dir/Core/Src/stm32f1xx_it.c.obj
                0x08000452                PendSV_Handler
 .text.SysTick_Handler
                0x08000454        0x8 CMakeFiles/03_usartx.elf.dir/Core/Src/stm32f1xx_it.c.obj
                0x08000454                SysTick_Handler
 .text.USART1_IRQHandler
                0x0800045c       0x10 CMakeFiles/03_usartx.elf.dir/Core/Src/stm32f1xx_it.c.obj
                0x0800045c                USART1_IRQHandler
 .text._read    0x0800046c       0x20 CMakeFiles/03_usartx.elf.dir/Core/Src/syscalls.c.obj
                0x0800046c                _read
 .text._write   0x0800048c       0x1c CMakeFiles/03_usartx.elf.dir/Core/Src/syscalls.c.obj
                0x0800048c                _write
 .text._sbrk    0x080004a8       0x3c CMakeFiles/03_usartx.elf.dir/Core/Src/syscalls.c.obj
                0x080004a8                _sbrk
 .text._close   0x080004e4        0x6 CMakeFiles/03_usartx.elf.dir/Core/Src/syscalls.c.obj
                0x080004e4                _close
 .text._fstat   0x080004ea        0xa CMakeFiles/03_usartx.elf.dir/Core/Src/syscalls.c.obj
                0x080004ea                _fstat
 .text._isatty  0x080004f4        0x4 CMakeFiles/03_usartx.elf.dir/Core/Src/syscalls.c.obj
                0x080004f4                _isatty
 .text._lseek   0x080004f8        0x4 CMakeFiles/03_usartx.elf.dir/Core/Src/syscalls.c.obj
                0x080004f8                _lseek
 .text.SystemInit
                0x080004fc        0x2 CMakeFiles/03_usartx.elf.dir/Core/Src/system_stm32f1xx.c.obj
                0x080004fc                SystemInit
 *fill*         0x080004fe        0x2 
 .text.MX_USART1_UART_Init
                0x08000500       0x34 CMakeFiles/03_usartx.elf.dir/Core/Src/usart.c.obj
                0x08000500                MX_USART1_UART_Init
 .text.HAL_UART_MspInit
                0x08000534       0x88 CMakeFiles/03_usartx.elf.dir/Core/Src/usart.c.obj
                0x08000534                HAL_UART_MspInit
 .text.__io_putchar
                0x080005bc       0x20 CMakeFiles/03_usartx.elf.dir/Core/Src/usart.c.obj
                0x080005bc                __io_putchar
 .text.HAL_InitTick
                0x080005dc       0x4c CMakeFiles/03_usartx.elf.dir/Drivers/STM32F1xx_HAL_Driver/Src/stm32f1xx_hal.c.obj
                0x080005dc                HAL_InitTick
 .text.HAL_Init
                0x08000628       0x24 CMakeFiles/03_usartx.elf.dir/Drivers/STM32F1xx_HAL_Driver/Src/stm32f1xx_hal.c.obj
                0x08000628                HAL_Init
 .text.HAL_IncTick
                0x0800064c       0x18 CMakeFiles/03_usartx.elf.dir/Drivers/STM32F1xx_HAL_Driver/Src/stm32f1xx_hal.c.obj
                0x0800064c                HAL_IncTick
 .text.HAL_GetTick
                0x08000664        0xc CMakeFiles/03_usartx.elf.dir/Drivers/STM32F1xx_HAL_Driver/Src/stm32f1xx_hal.c.obj
                0x08000664                HAL_GetTick
 .text.HAL_Delay
                0x08000670       0x28 CMakeFiles/03_usartx.elf.dir/Drivers/STM32F1xx_HAL_Driver/Src/stm32f1xx_hal.c.obj
                0x08000670                HAL_Delay
 .text.HAL_NVIC_SetPriorityGrouping
                0x08000698       0x24 CMakeFiles/03_usartx.elf.dir/Drivers/STM32F1xx_HAL_Driver/Src/stm32f1xx_hal_cortex.c.obj
                0x08000698                HAL_NVIC_SetPriorityGrouping
 .text.HAL_NVIC_SetPriority
                0x080006bc       0x68 CMakeFiles/03_usartx.elf.dir/Drivers/STM32F1xx_HAL_Driver/Src/stm32f1xx_hal_cortex.c.obj
                0x080006bc                HAL_NVIC_SetPriority
 .text.HAL_NVIC_EnableIRQ
                0x08000724       0x1c CMakeFiles/03_usartx.elf.dir/Drivers/STM32F1xx_HAL_Driver/Src/stm32f1xx_hal_cortex.c.obj
                0x08000724                HAL_NVIC_EnableIRQ
 .text.HAL_SYSTICK_Config
                0x08000740       0x2c CMakeFiles/03_usartx.elf.dir/Drivers/STM32F1xx_HAL_Driver/Src/stm32f1xx_hal_cortex.c.obj
                0x08000740                HAL_SYSTICK_Config
 .text.HAL_DMA_Abort_IT
                0x0800076c      0x168 CMakeFiles/03_usartx.elf.dir/Drivers/STM32F1xx_HAL_Driver/Src/stm32f1xx_hal_dma.c.obj
                0x0800076c                HAL_DMA_Abort_IT
 .text.HAL_GPIO_Init
                0x080008d4      0x238 CMakeFiles/03_usartx.elf.dir/Drivers/STM32F1xx_HAL_Driver/Src/stm32f1xx_hal_gpio.c.obj
                0x080008d4                HAL_GPIO_Init
 .text.HAL_GPIO_WritePin
                0x08000b0c        0xc CMakeFiles/03_usartx.elf.dir/Drivers/STM32F1xx_HAL_Driver/Src/stm32f1xx_hal_gpio.c.obj
                0x08000b0c                HAL_GPIO_WritePin
 .text.HAL_GPIO_TogglePin
                0x08000b18       0x12 CMakeFiles/03_usartx.elf.dir/Drivers/STM32F1xx_HAL_Driver/Src/stm32f1xx_hal_gpio.c.obj
                0x08000b18                HAL_GPIO_TogglePin
 *fill*         0x08000b2a        0x2 
 .text.RCC_Delay
                0x08000b2c       0x2c CMakeFiles/03_usartx.elf.dir/Drivers/STM32F1xx_HAL_Driver/Src/stm32f1xx_hal_rcc.c.obj
 .text.HAL_RCC_OscConfig
                0x08000b58      0x410 CMakeFiles/03_usartx.elf.dir/Drivers/STM32F1xx_HAL_Driver/Src/stm32f1xx_hal_rcc.c.obj
                0x08000b58                HAL_RCC_OscConfig
 .text.HAL_RCC_GetSysClockFreq
                0x08000f68       0x6c CMakeFiles/03_usartx.elf.dir/Drivers/STM32F1xx_HAL_Driver/Src/stm32f1xx_hal_rcc.c.obj
                0x08000f68                HAL_RCC_GetSysClockFreq
 .text.HAL_RCC_ClockConfig
                0x08000fd4      0x16c CMakeFiles/03_usartx.elf.dir/Drivers/STM32F1xx_HAL_Driver/Src/stm32f1xx_hal_rcc.c.obj
                0x08000fd4                HAL_RCC_ClockConfig
 .text.HAL_RCC_GetHCLKFreq
                0x08001140        0xc CMakeFiles/03_usartx.elf.dir/Drivers/STM32F1xx_HAL_Driver/Src/stm32f1xx_hal_rcc.c.obj
                0x08001140                HAL_RCC_GetHCLKFreq
 .text.HAL_RCC_GetPCLK1Freq
                0x0800114c       0x20 CMakeFiles/03_usartx.elf.dir/Drivers/STM32F1xx_HAL_Driver/Src/stm32f1xx_hal_rcc.c.obj
                0x0800114c                HAL_RCC_GetPCLK1Freq
 .text.HAL_RCC_GetPCLK2Freq
                0x0800116c       0x20 CMakeFiles/03_usartx.elf.dir/Drivers/STM32F1xx_HAL_Driver/Src/stm32f1xx_hal_rcc.c.obj
                0x0800116c                HAL_RCC_GetPCLK2Freq
 .text.UART_EndRxTransfer
                0x0800118c       0x1c CMakeFiles/03_usartx.elf.dir/Drivers/STM32F1xx_HAL_Driver/Src/stm32f1xx_hal_uart.c.obj
 .text.UART_Transmit_IT
                0x080011a8       0x60 CMakeFiles/03_usartx.elf.dir/Drivers/STM32F1xx_HAL_Driver/Src/stm32f1xx_hal_uart.c.obj
 .text.UART_SetConfig
                0x08001208       0x90 CMakeFiles/03_usartx.elf.dir/Drivers/STM32F1xx_HAL_Driver/Src/stm32f1xx_hal_uart.c.obj
 .text.UART_WaitOnFlagUntilTimeout
                0x08001298       0x68 CMakeFiles/03_usartx.elf.dir/Drivers/STM32F1xx_HAL_Driver/Src/stm32f1xx_hal_uart.c.obj
 .text.HAL_UART_Init
                0x08001300       0x5e CMakeFiles/03_usartx.elf.dir/Drivers/STM32F1xx_HAL_Driver/Src/stm32f1xx_hal_uart.c.obj
                0x08001300                HAL_UART_Init
 .text.HAL_UART_Transmit
                0x0800135e       0xd8 CMakeFiles/03_usartx.elf.dir/Drivers/STM32F1xx_HAL_Driver/Src/stm32f1xx_hal_uart.c.obj
                0x0800135e                HAL_UART_Transmit
 .text.HAL_UART_TxCpltCallback
                0x08001436        0x2 CMakeFiles/03_usartx.elf.dir/Drivers/STM32F1xx_HAL_Driver/Src/stm32f1xx_hal_uart.c.obj
                0x08001436                HAL_UART_TxCpltCallback
 .text.UART_EndTransmit_IT
                0x08001438       0x1a CMakeFiles/03_usartx.elf.dir/Drivers/STM32F1xx_HAL_Driver/Src/stm32f1xx_hal_uart.c.obj
 .text.HAL_UART_RxCpltCallback
                0x08001452        0x2 CMakeFiles/03_usartx.elf.dir/Drivers/STM32F1xx_HAL_Driver/Src/stm32f1xx_hal_uart.c.obj
                0x08001452                HAL_UART_RxCpltCallback
 .text.UART_Receive_IT
                0x08001454       0x94 CMakeFiles/03_usartx.elf.dir/Drivers/STM32F1xx_HAL_Driver/Src/stm32f1xx_hal_uart.c.obj
 .text.HAL_UART_ErrorCallback
                0x080014e8        0x2 CMakeFiles/03_usartx.elf.dir/Drivers/STM32F1xx_HAL_Driver/Src/stm32f1xx_hal_uart.c.obj
                0x080014e8                HAL_UART_ErrorCallback
 *fill*         0x080014ea        0x2 
 .text.HAL_UART_IRQHandler
                0x080014ec      0x128 CMakeFiles/03_usartx.elf.dir/Drivers/STM32F1xx_HAL_Driver/Src/stm32f1xx_hal_uart.c.obj
                0x080014ec                HAL_UART_IRQHandler
 .text.UART_DMAAbortOnError
                0x08001614       0x10 CMakeFiles/03_usartx.elf.dir/Drivers/STM32F1xx_HAL_Driver/Src/stm32f1xx_hal_uart.c.obj
 .text.Reset_Handler
                0x08001624       0x48 CMakeFiles/03_usartx.elf.dir/startup/startup_stm32f103xe.s.obj
                0x08001624                Reset_Handler
 .text.Default_Handler
                0x0800166c        0x2 CMakeFiles/03_usartx.elf.dir/startup/startup_stm32f103xe.s.obj
                0x0800166c                RTC_Alarm_IRQHandler
                0x0800166c                EXTI2_IRQHandler
                0x0800166c                TIM8_TRG_COM_IRQHandler
                0x0800166c                TIM8_CC_IRQHandler
                0x0800166c                TIM1_CC_IRQHandler
                0x0800166c                TIM6_IRQHandler
                0x0800166c                PVD_IRQHandler
                0x0800166c                SDIO_IRQHandler
                0x0800166c                EXTI3_IRQHandler
                0x0800166c                EXTI0_IRQHandler
                0x0800166c                I2C2_EV_IRQHandler
                0x0800166c                ADC1_2_IRQHandler
                0x0800166c                SPI1_IRQHandler
                0x0800166c                TAMPER_IRQHandler
                0x0800166c                TIM8_UP_IRQHandler
                0x0800166c                DMA2_Channel2_IRQHandler
                0x0800166c                DMA1_Channel4_IRQHandler
                0x0800166c                USART3_IRQHandler
                0x0800166c                RTC_IRQHandler
                0x0800166c                DMA1_Channel7_IRQHandler
                0x0800166c                CAN1_RX1_IRQHandler
                0x0800166c                UART5_IRQHandler
                0x0800166c                ADC3_IRQHandler
                0x0800166c                TIM4_IRQHandler
                0x0800166c                DMA2_Channel1_IRQHandler
                0x0800166c                I2C1_EV_IRQHandler
                0x0800166c                DMA1_Channel6_IRQHandler
                0x0800166c                UART4_IRQHandler
                0x0800166c                TIM3_IRQHandler
                0x0800166c                RCC_IRQHandler
                0x0800166c                TIM1_TRG_COM_IRQHandler
                0x0800166c                DMA1_Channel1_IRQHandler
                0x0800166c                Default_Handler
                0x0800166c                EXTI15_10_IRQHandler
                0x0800166c                TIM7_IRQHandler
                0x0800166c                TIM5_IRQHandler
                0x0800166c                EXTI9_5_IRQHandler
                0x0800166c                SPI2_IRQHandler
                0x0800166c                DMA1_Channel5_IRQHandler
                0x0800166c                EXTI4_IRQHandler
                0x0800166c                USB_LP_CAN1_RX0_IRQHandler
                0x0800166c                USB_HP_CAN1_TX_IRQHandler
                0x0800166c                DMA1_Channel3_IRQHandler
                0x0800166c                FSMC_IRQHandler
                0x0800166c                TIM1_UP_IRQHandler
                0x0800166c                WWDG_IRQHandler
                0x0800166c                TIM2_IRQHandler
                0x0800166c                TIM1_BRK_IRQHandler
                0x0800166c                EXTI1_IRQHandler
                0x0800166c                DMA2_Channel4_5_IRQHandler
                0x0800166c                USART2_IRQHandler
                0x0800166c                I2C2_ER_IRQHandler
                0x0800166c                DMA1_Channel2_IRQHandler
                0x0800166c                TIM8_BRK_IRQHandler
                0x0800166c                CAN1_SCE_IRQHandler
                0x0800166c                FLASH_IRQHandler
                0x0800166c                SPI3_IRQHandler
                0x0800166c                I2C1_ER_IRQHandler
                0x0800166c                USBWakeUp_IRQHandler
                0x0800166c                DMA2_Channel3_IRQHandler
 *fill*         0x0800166e        0x2 
 .text.__errno  0x08001670        0xc c:/progra~2/gnuarm~1/92020-~1/bin/../lib/gcc/arm-none-eabi/9.3.1/../../../../arm-none-eabi/lib/thumb/v7-m/nofp\libg.a(lib_a-errno.o)
                0x08001670                __errno
 .text.__libc_init_array
                0x0800167c       0x48 c:/progra~2/gnuarm~1/92020-~1/bin/../lib/gcc/arm-none-eabi/9.3.1/../../../../arm-none-eabi/lib/thumb/v7-m/nofp\libg.a(lib_a-init.o)
                0x0800167c                __libc_init_array
 .text.memset   0x080016c4       0xa0 c:/progra~2/gnuarm~1/92020-~1/bin/../lib/gcc/arm-none-eabi/9.3.1/../../../../arm-none-eabi/lib/thumb/v7-m/nofp\libg.a(lib_a-memset.o)
                0x080016c4                memset
 .text._puts_r  0x08001764       0x9c c:/progra~2/gnuarm~1/92020-~1/bin/../lib/gcc/arm-none-eabi/9.3.1/../../../../arm-none-eabi/lib/thumb/v7-m/nofp\libg.a(lib_a-puts.o)
                0x08001764                _puts_r
 .text.puts     0x08001800       0x10 c:/progra~2/gnuarm~1/92020-~1/bin/../lib/gcc/arm-none-eabi/9.3.1/../../../../arm-none-eabi/lib/thumb/v7-m/nofp\libg.a(lib_a-puts.o)
                0x08001800                puts
 .text.strlen   0x08001810       0x5c c:/progra~2/gnuarm~1/92020-~1/bin/../lib/gcc/arm-none-eabi/9.3.1/../../../../arm-none-eabi/lib/thumb/v7-m/nofp\libg.a(lib_a-strlen-stub.o)
                0x08001810                strlen
 .text.startup.register_fini
                0x0800186c       0x14 c:/progra~2/gnuarm~1/92020-~1/bin/../lib/gcc/arm-none-eabi/9.3.1/../../../../arm-none-eabi/lib/thumb/v7-m/nofp\libg.a(lib_a-__call_atexit.o)
 .text.atexit   0x08001880        0xc c:/progra~2/gnuarm~1/92020-~1/bin/../lib/gcc/arm-none-eabi/9.3.1/../../../../arm-none-eabi/lib/thumb/v7-m/nofp\libg.a(lib_a-atexit.o)
                0x08001880                atexit
 .text.std      0x0800188c       0x50 c:/progra~2/gnuarm~1/92020-~1/bin/../lib/gcc/arm-none-eabi/9.3.1/../../../../arm-none-eabi/lib/thumb/v7-m/nofp\libg.a(lib_a-findfp.o)
 .text._cleanup_r
                0x080018dc        0xc c:/progra~2/gnuarm~1/92020-~1/bin/../lib/gcc/arm-none-eabi/9.3.1/../../../../arm-none-eabi/lib/thumb/v7-m/nofp\libg.a(lib_a-findfp.o)
                0x080018dc                _cleanup_r
 .text.__sinit  0x080018e8       0x5c c:/progra~2/gnuarm~1/92020-~1/bin/../lib/gcc/arm-none-eabi/9.3.1/../../../../arm-none-eabi/lib/thumb/v7-m/nofp\libg.a(lib_a-findfp.o)
                0x080018e8                __sinit
 .text.__sfp_lock_acquire
                0x08001944        0xc c:/progra~2/gnuarm~1/92020-~1/bin/../lib/gcc/arm-none-eabi/9.3.1/../../../../arm-none-eabi/lib/thumb/v7-m/nofp\libg.a(lib_a-findfp.o)
                0x08001944                __sfp_lock_acquire
 .text.__sfp_lock_release
                0x08001950        0xc c:/progra~2/gnuarm~1/92020-~1/bin/../lib/gcc/arm-none-eabi/9.3.1/../../../../arm-none-eabi/lib/thumb/v7-m/nofp\libg.a(lib_a-findfp.o)
                0x08001950                __sfp_lock_release
 .text.__libc_fini_array
                0x0800195c       0x2c c:/progra~2/gnuarm~1/92020-~1/bin/../lib/gcc/arm-none-eabi/9.3.1/../../../../arm-none-eabi/lib/thumb/v7-m/nofp\libg.a(lib_a-fini.o)
                0x0800195c                __libc_fini_array
 .text.__sfvwrite_r
                0x08001988      0x2ec c:/progra~2/gnuarm~1/92020-~1/bin/../lib/gcc/arm-none-eabi/9.3.1/../../../../arm-none-eabi/lib/thumb/v7-m/nofp\libg.a(lib_a-fvwrite.o)
                0x08001988                __sfvwrite_r
 .text._fwalk_reent
                0x08001c74       0x48 c:/progra~2/gnuarm~1/92020-~1/bin/../lib/gcc/arm-none-eabi/9.3.1/../../../../arm-none-eabi/lib/thumb/v7-m/nofp\libg.a(lib_a-fwalk.o)
                0x08001c74                _fwalk_reent
 .text.__retarget_lock_init_recursive
                0x08001cbc        0x4 c:/progra~2/gnuarm~1/92020-~1/bin/../lib/gcc/arm-none-eabi/9.3.1/../../../../arm-none-eabi/lib/thumb/v7-m/nofp\libg.a(lib_a-lock.o)
                0x08001cbc                __retarget_lock_init_recursive
 .text.__retarget_lock_close_recursive
                0x08001cc0        0x4 c:/progra~2/gnuarm~1/92020-~1/bin/../lib/gcc/arm-none-eabi/9.3.1/../../../../arm-none-eabi/lib/thumb/v7-m/nofp\libg.a(lib_a-lock.o)
                0x08001cc0                __retarget_lock_close_recursive
 .text.__retarget_lock_acquire_recursive
                0x08001cc4        0x4 c:/progra~2/gnuarm~1/92020-~1/bin/../lib/gcc/arm-none-eabi/9.3.1/../../../../arm-none-eabi/lib/thumb/v7-m/nofp\libg.a(lib_a-lock.o)
                0x08001cc4                __retarget_lock_acquire_recursive
 .text.__retarget_lock_release_recursive
                0x08001cc8        0x4 c:/progra~2/gnuarm~1/92020-~1/bin/../lib/gcc/arm-none-eabi/9.3.1/../../../../arm-none-eabi/lib/thumb/v7-m/nofp\libg.a(lib_a-lock.o)
                0x08001cc8                __retarget_lock_release_recursive
 .text._malloc_r
                0x08001ccc      0x55c c:/progra~2/gnuarm~1/92020-~1/bin/../lib/gcc/arm-none-eabi/9.3.1/../../../../arm-none-eabi/lib/thumb/v7-m/nofp\libg.a(lib_a-mallocr.o)
                0x08001ccc                _malloc_r
 .text.memchr   0x08002228       0x80 c:/progra~2/gnuarm~1/92020-~1/bin/../lib/gcc/arm-none-eabi/9.3.1/../../../../arm-none-eabi/lib/thumb/v7-m/nofp\libg.a(lib_a-memchr-stub.o)
                0x08002228                memchr
 .text.memmove  0x080022a8       0xd4 c:/progra~2/gnuarm~1/92020-~1/bin/../lib/gcc/arm-none-eabi/9.3.1/../../../../arm-none-eabi/lib/thumb/v7-m/nofp\libg.a(lib_a-memmove.o)
                0x080022a8                memmove
 .text.__malloc_lock
                0x0800237c        0xc c:/progra~2/gnuarm~1/92020-~1/bin/../lib/gcc/arm-none-eabi/9.3.1/../../../../arm-none-eabi/lib/thumb/v7-m/nofp\libg.a(lib_a-mlock.o)
                0x0800237c                __malloc_lock
 .text.__malloc_unlock
                0x08002388        0xc c:/progra~2/gnuarm~1/92020-~1/bin/../lib/gcc/arm-none-eabi/9.3.1/../../../../arm-none-eabi/lib/thumb/v7-m/nofp\libg.a(lib_a-mlock.o)
                0x08002388                __malloc_unlock
 .text._realloc_r
                0x08002394      0x3e0 c:/progra~2/gnuarm~1/92020-~1/bin/../lib/gcc/arm-none-eabi/9.3.1/../../../../arm-none-eabi/lib/thumb/v7-m/nofp\libg.a(lib_a-reallocr.o)
                0x08002394                _realloc_r
 .text._sbrk_r  0x08002774       0x24 c:/progra~2/gnuarm~1/92020-~1/bin/../lib/gcc/arm-none-eabi/9.3.1/../../../../arm-none-eabi/lib/thumb/v7-m/nofp\libg.a(lib_a-sbrkr.o)
                0x08002774                _sbrk_r
 .text.__sread  0x08002798       0x24 c:/progra~2/gnuarm~1/92020-~1/bin/../lib/gcc/arm-none-eabi/9.3.1/../../../../arm-none-eabi/lib/thumb/v7-m/nofp\libg.a(lib_a-stdio.o)
                0x08002798                __sread
 .text.__swrite
                0x080027bc       0x40 c:/progra~2/gnuarm~1/92020-~1/bin/../lib/gcc/arm-none-eabi/9.3.1/../../../../arm-none-eabi/lib/thumb/v7-m/nofp\libg.a(lib_a-stdio.o)
                0x080027bc                __swrite
 .text.__sseek  0x080027fc       0x20 c:/progra~2/gnuarm~1/92020-~1/bin/../lib/gcc/arm-none-eabi/9.3.1/../../../../arm-none-eabi/lib/thumb/v7-m/nofp\libg.a(lib_a-stdio.o)
                0x080027fc                __sseek
 .text.__sclose
                0x0800281c        0x8 c:/progra~2/gnuarm~1/92020-~1/bin/../lib/gcc/arm-none-eabi/9.3.1/../../../../arm-none-eabi/lib/thumb/v7-m/nofp\libg.a(lib_a-stdio.o)
                0x0800281c                __sclose
 .text._write_r
                0x08002824       0x2c c:/progra~2/gnuarm~1/92020-~1/bin/../lib/gcc/arm-none-eabi/9.3.1/../../../../arm-none-eabi/lib/thumb/v7-m/nofp\libg.a(lib_a-writer.o)
                0x08002824                _write_r
 .text.__swsetup_r
                0x08002850       0xd0 c:/progra~2/gnuarm~1/92020-~1/bin/../lib/gcc/arm-none-eabi/9.3.1/../../../../arm-none-eabi/lib/thumb/v7-m/nofp\libg.a(lib_a-wsetup.o)
                0x08002850                __swsetup_r
 .text.__register_exitproc
                0x08002920       0x8c c:/progra~2/gnuarm~1/92020-~1/bin/../lib/gcc/arm-none-eabi/9.3.1/../../../../arm-none-eabi/lib/thumb/v7-m/nofp\libg.a(lib_a-__atexit.o)
                0x08002920                __register_exitproc
 .text._close_r
                0x080029ac       0x24 c:/progra~2/gnuarm~1/92020-~1/bin/../lib/gcc/arm-none-eabi/9.3.1/../../../../arm-none-eabi/lib/thumb/v7-m/nofp\libg.a(lib_a-closer.o)
                0x080029ac                _close_r
 .text._fclose_r
                0x080029d0       0xcc c:/progra~2/gnuarm~1/92020-~1/bin/../lib/gcc/arm-none-eabi/9.3.1/../../../../arm-none-eabi/lib/thumb/v7-m/nofp\libg.a(lib_a-fclose.o)
                0x080029d0                _fclose_r
 .text.__sflush_r
                0x08002a9c      0x130 c:/progra~2/gnuarm~1/92020-~1/bin/../lib/gcc/arm-none-eabi/9.3.1/../../../../arm-none-eabi/lib/thumb/v7-m/nofp\libg.a(lib_a-fflush.o)
                0x08002a9c                __sflush_r
 .text._fflush_r
                0x08002bcc       0x5c c:/progra~2/gnuarm~1/92020-~1/bin/../lib/gcc/arm-none-eabi/9.3.1/../../../../arm-none-eabi/lib/thumb/v7-m/nofp\libg.a(lib_a-fflush.o)
                0x08002bcc                _fflush_r
 .text._malloc_trim_r
                0x08002c28       0xa0 c:/progra~2/gnuarm~1/92020-~1/bin/../lib/gcc/arm-none-eabi/9.3.1/../../../../arm-none-eabi/lib/thumb/v7-m/nofp\libg.a(lib_a-freer.o)
                0x08002c28                _malloc_trim_r
 .text._free_r  0x08002cc8      0x20c c:/progra~2/gnuarm~1/92020-~1/bin/../lib/gcc/arm-none-eabi/9.3.1/../../../../arm-none-eabi/lib/thumb/v7-m/nofp\libg.a(lib_a-freer.o)
                0x08002cc8                _free_r
 .text._lseek_r
                0x08002ed4       0x2c c:/progra~2/gnuarm~1/92020-~1/bin/../lib/gcc/arm-none-eabi/9.3.1/../../../../arm-none-eabi/lib/thumb/v7-m/nofp\libg.a(lib_a-lseekr.o)
                0x08002ed4                _lseek_r
 .text.__swhatbuf_r
                0x08002f00       0x5c c:/progra~2/gnuarm~1/92020-~1/bin/../lib/gcc/arm-none-eabi/9.3.1/../../../../arm-none-eabi/lib/thumb/v7-m/nofp\libg.a(lib_a-makebuf.o)
                0x08002f00                __swhatbuf_r
 .text.__smakebuf_r
                0x08002f5c       0x94 c:/progra~2/gnuarm~1/92020-~1/bin/../lib/gcc/arm-none-eabi/9.3.1/../../../../arm-none-eabi/lib/thumb/v7-m/nofp\libg.a(lib_a-makebuf.o)
                0x08002f5c                __smakebuf_r
 .text._read_r  0x08002ff0       0x2c c:/progra~2/gnuarm~1/92020-~1/bin/../lib/gcc/arm-none-eabi/9.3.1/../../../../arm-none-eabi/lib/thumb/v7-m/nofp\libg.a(lib_a-readr.o)
                0x08002ff0                _read_r
 .text._fstat_r
                0x0800301c       0x2c c:/progra~2/gnuarm~1/92020-~1/bin/../lib/gcc/arm-none-eabi/9.3.1/../../../../arm-none-eabi/lib/thumb/v7-m/nofp\libg.a(lib_a-fstatr.o)
                0x0800301c                _fstat_r
 .text._isatty_r
                0x08003048       0x24 c:/progra~2/gnuarm~1/92020-~1/bin/../lib/gcc/arm-none-eabi/9.3.1/../../../../arm-none-eabi/lib/thumb/v7-m/nofp\libg.a(lib_a-isattyr.o)
                0x08003048                _isatty_r
 *(.glue_7)
 .glue_7        0x0800306c        0x0 linker stubs
 *(.glue_7t)
 .glue_7t       0x0800306c        0x0 linker stubs
 *(.eh_frame)
 .eh_frame      0x0800306c        0x0 c:/progra~2/gnuarm~1/92020-~1/bin/../lib/gcc/arm-none-eabi/9.3.1/thumb/v7-m/nofp/crtbegin.o
 *(.init)
 .init          0x0800306c        0x4 c:/progra~2/gnuarm~1/92020-~1/bin/../lib/gcc/arm-none-eabi/9.3.1/thumb/v7-m/nofp/crti.o
                0x0800306c                _init
 .init          0x08003070        0x8 c:/progra~2/gnuarm~1/92020-~1/bin/../lib/gcc/arm-none-eabi/9.3.1/thumb/v7-m/nofp/crtn.o
 *(.fini)
 .fini          0x08003078        0x4 c:/progra~2/gnuarm~1/92020-~1/bin/../lib/gcc/arm-none-eabi/9.3.1/thumb/v7-m/nofp/crti.o
                0x08003078                _fini
 .fini          0x0800307c        0x8 c:/progra~2/gnuarm~1/92020-~1/bin/../lib/gcc/arm-none-eabi/9.3.1/thumb/v7-m/nofp/crtn.o
                0x08003084                . = ALIGN (0x4)
                0x08003084                _etext = .

.vfp11_veneer   0x08003084        0x0
 .vfp11_veneer  0x08003084        0x0 linker stubs

.v4_bx          0x08003084        0x0
 .v4_bx         0x08003084        0x0 linker stubs

.iplt           0x08003084        0x0
 .iplt          0x08003084        0x0 c:/progra~2/gnuarm~1/92020-~1/bin/../lib/gcc/arm-none-eabi/9.3.1/thumb/v7-m/nofp/crtbegin.o

.rodata         0x08003084       0x3c
                0x08003084                . = ALIGN (0x4)
 *(.rodata)
 *(.rodata*)
 .rodata.main.str1.4
                0x08003084        0x6 CMakeFiles/03_usartx.elf.dir/Core/Src/main.c.obj
 *fill*         0x0800308a        0x2 
 .rodata.AHBPrescTable
                0x0800308c       0x10 CMakeFiles/03_usartx.elf.dir/Core/Src/system_stm32f1xx.c.obj
                0x0800308c                AHBPrescTable
 .rodata.APBPrescTable
                0x0800309c        0x8 CMakeFiles/03_usartx.elf.dir/Core/Src/system_stm32f1xx.c.obj
                0x0800309c                APBPrescTable
 .rodata.HAL_RCC_GetSysClockFreq.str1.4
                0x080030a4       0x11 CMakeFiles/03_usartx.elf.dir/Drivers/STM32F1xx_HAL_Driver/Src/stm32f1xx_hal_rcc.c.obj
 *fill*         0x080030b5        0x3 
 .rodata._global_impure_ptr
                0x080030b8        0x4 c:/progra~2/gnuarm~1/92020-~1/bin/../lib/gcc/arm-none-eabi/9.3.1/../../../../arm-none-eabi/lib/thumb/v7-m/nofp\libg.a(lib_a-impure.o)
                0x080030b8                _global_impure_ptr
 .rodata._puts_r.str1.4
                0x080030bc        0x2 c:/progra~2/gnuarm~1/92020-~1/bin/../lib/gcc/arm-none-eabi/9.3.1/../../../../arm-none-eabi/lib/thumb/v7-m/nofp\libg.a(lib_a-puts.o)
                0x080030c0                . = ALIGN (0x4)
 *fill*         0x080030be        0x2 

.rel.dyn        0x080030c0        0x0
 .rel.iplt      0x080030c0        0x0 c:/progra~2/gnuarm~1/92020-~1/bin/../lib/gcc/arm-none-eabi/9.3.1/thumb/v7-m/nofp/crtbegin.o

.ARM.extab
 *(.ARM.extab* .gnu.linkonce.armextab.*)

.ARM            0x080030c0        0x0
                0x080030c0                __exidx_start = .
 *(.ARM.exidx*)
                0x080030c0                __exidx_end = .

.preinit_array  0x080030c0        0x0
                0x080030c0                PROVIDE (__preinit_array_start = .)
 *(.preinit_array*)
                0x080030c0                PROVIDE (__preinit_array_end = .)

.init_array     0x080030c0        0x8
                0x080030c0                PROVIDE (__init_array_start = .)
 *(SORT_BY_NAME(.init_array.*))
 .init_array.00000
                0x080030c0        0x4 c:/progra~2/gnuarm~1/92020-~1/bin/../lib/gcc/arm-none-eabi/9.3.1/../../../../arm-none-eabi/lib/thumb/v7-m/nofp\libg.a(lib_a-__call_atexit.o)
 *(.init_array*)
 .init_array    0x080030c4        0x4 c:/progra~2/gnuarm~1/92020-~1/bin/../lib/gcc/arm-none-eabi/9.3.1/thumb/v7-m/nofp/crtbegin.o
                0x080030c8                PROVIDE (__init_array_end = .)

.fini_array     0x080030c8        0x4
                0x080030c8                PROVIDE (__fini_array_start = .)
 *(SORT_BY_NAME(.fini_array.*))
 *(.fini_array*)
 .fini_array    0x080030c8        0x4 c:/progra~2/gnuarm~1/92020-~1/bin/../lib/gcc/arm-none-eabi/9.3.1/thumb/v7-m/nofp/crtbegin.o
                0x080030cc                PROVIDE (__fini_array_end = .)
                0x080030cc                _sidata = LOADADDR (.data)

.data           0x20000000      0x84c load address 0x080030cc
                0x20000000                . = ALIGN (0x4)
                0x20000000                _sdata = .
 *(.data)
 *(.data*)
 .data.SystemCoreClock
                0x20000000        0x4 CMakeFiles/03_usartx.elf.dir/Core/Src/system_stm32f1xx.c.obj
                0x20000000                SystemCoreClock
 .data.uwTickFreq
                0x20000004        0x1 CMakeFiles/03_usartx.elf.dir/Drivers/STM32F1xx_HAL_Driver/Src/stm32f1xx_hal.c.obj
                0x20000004                uwTickFreq
 *fill*         0x20000005        0x3 
 .data.uwTickPrio
                0x20000008        0x4 CMakeFiles/03_usartx.elf.dir/Drivers/STM32F1xx_HAL_Driver/Src/stm32f1xx_hal.c.obj
                0x20000008                uwTickPrio
 .data._impure_ptr
                0x2000000c        0x4 c:/progra~2/gnuarm~1/92020-~1/bin/../lib/gcc/arm-none-eabi/9.3.1/../../../../arm-none-eabi/lib/thumb/v7-m/nofp\libg.a(lib_a-impure.o)
                0x2000000c                _impure_ptr
 .data.impure_data
                0x20000010      0x428 c:/progra~2/gnuarm~1/92020-~1/bin/../lib/gcc/arm-none-eabi/9.3.1/../../../../arm-none-eabi/lib/thumb/v7-m/nofp\libg.a(lib_a-impure.o)
 .data.__atexit_recursive_mutex
                0x20000438        0x4 c:/progra~2/gnuarm~1/92020-~1/bin/../lib/gcc/arm-none-eabi/9.3.1/../../../../arm-none-eabi/lib/thumb/v7-m/nofp\libg.a(lib_a-__call_atexit.o)
                0x20000438                __atexit_recursive_mutex
 .data.__malloc_av_
                0x2000043c      0x408 c:/progra~2/gnuarm~1/92020-~1/bin/../lib/gcc/arm-none-eabi/9.3.1/../../../../arm-none-eabi/lib/thumb/v7-m/nofp\libg.a(lib_a-mallocr.o)
                0x2000043c                __malloc_av_
 .data.__malloc_sbrk_base
                0x20000844        0x4 c:/progra~2/gnuarm~1/92020-~1/bin/../lib/gcc/arm-none-eabi/9.3.1/../../../../arm-none-eabi/lib/thumb/v7-m/nofp\libg.a(lib_a-mallocr.o)
                0x20000844                __malloc_sbrk_base
 .data.__malloc_trim_threshold
                0x20000848        0x4 c:/progra~2/gnuarm~1/92020-~1/bin/../lib/gcc/arm-none-eabi/9.3.1/../../../../arm-none-eabi/lib/thumb/v7-m/nofp\libg.a(lib_a-mallocr.o)
                0x20000848                __malloc_trim_threshold
                0x2000084c                . = ALIGN (0x4)
                0x2000084c                _edata = .

.igot.plt       0x2000084c        0x0 load address 0x08003918
 .igot.plt      0x2000084c        0x0 c:/progra~2/gnuarm~1/92020-~1/bin/../lib/gcc/arm-none-eabi/9.3.1/thumb/v7-m/nofp/crtbegin.o
                0x2000084c                . = ALIGN (0x4)

.bss            0x2000084c       0xc0 load address 0x08003918
                0x2000084c                _sbss = .
                0x2000084c                __bss_start__ = _sbss
 *(.bss)
 .bss           0x2000084c       0x1c c:/progra~2/gnuarm~1/92020-~1/bin/../lib/gcc/arm-none-eabi/9.3.1/thumb/v7-m/nofp/crtbegin.o
 *(.bss*)
 .bss.heap_end.6022
                0x20000868        0x4 CMakeFiles/03_usartx.elf.dir/Core/Src/syscalls.c.obj
 .bss.huart1    0x2000086c       0x40 CMakeFiles/03_usartx.elf.dir/Core/Src/usart.c.obj
                0x2000086c                huart1
 .bss.uwTick    0x200008ac        0x4 CMakeFiles/03_usartx.elf.dir/Drivers/STM32F1xx_HAL_Driver/Src/stm32f1xx_hal.c.obj
                0x200008ac                uwTick
 .bss.__malloc_current_mallinfo
                0x200008b0       0x28 c:/progra~2/gnuarm~1/92020-~1/bin/../lib/gcc/arm-none-eabi/9.3.1/../../../../arm-none-eabi/lib/thumb/v7-m/nofp\libg.a(lib_a-mallocr.o)
                0x200008b0                __malloc_current_mallinfo
 .bss.__malloc_max_sbrked_mem
                0x200008d8        0x4 c:/progra~2/gnuarm~1/92020-~1/bin/../lib/gcc/arm-none-eabi/9.3.1/../../../../arm-none-eabi/lib/thumb/v7-m/nofp\libg.a(lib_a-mallocr.o)
                0x200008d8                __malloc_max_sbrked_mem
 .bss.__malloc_max_total_mem
                0x200008dc        0x4 c:/progra~2/gnuarm~1/92020-~1/bin/../lib/gcc/arm-none-eabi/9.3.1/../../../../arm-none-eabi/lib/thumb/v7-m/nofp\libg.a(lib_a-mallocr.o)
                0x200008dc                __malloc_max_total_mem
 .bss.__malloc_top_pad
                0x200008e0        0x4 c:/progra~2/gnuarm~1/92020-~1/bin/../lib/gcc/arm-none-eabi/9.3.1/../../../../arm-none-eabi/lib/thumb/v7-m/nofp\libg.a(lib_a-mallocr.o)
                0x200008e0                __malloc_top_pad
 *(COMMON)
 COMMON         0x200008e4       0x21 c:/progra~2/gnuarm~1/92020-~1/bin/../lib/gcc/arm-none-eabi/9.3.1/../../../../arm-none-eabi/lib/thumb/v7-m/nofp\libg.a(lib_a-lock.o)
                0x200008e4                __lock___atexit_recursive_mutex
                0x200008e8                __lock___arc4random_mutex
                0x200008ec                __lock___env_recursive_mutex
                0x200008f0                __lock___sinit_recursive_mutex
                0x200008f4                __lock___malloc_recursive_mutex
                0x200008f8                __lock___at_quick_exit_mutex
                0x200008fc                __lock___dd_hash_mutex
                0x20000900                __lock___tz_mutex
                0x20000904                __lock___sfp_recursive_mutex
 *fill*         0x20000905        0x3 
 COMMON         0x20000908        0x4 c:/progra~2/gnuarm~1/92020-~1/bin/../lib/gcc/arm-none-eabi/9.3.1/../../../../arm-none-eabi/lib/thumb/v7-m/nofp\libg.a(lib_a-reent.o)
                0x20000908                errno
                0x2000090c                . = ALIGN (0x4)
                0x2000090c                _ebss = .
                0x2000090c                __bss_end__ = _ebss

._user_heap_stack
                0x2000090c      0x604 load address 0x08003918
                0x20000910                . = ALIGN (0x8)
 *fill*         0x2000090c        0x4 
                0x20000910                PROVIDE (end = .)
                [!provide]                PROVIDE (_end = .)
                0x20000b10                . = (. + _Min_Heap_Size)
 *fill*         0x20000910      0x200 
                0x20000f10                . = (. + _Min_Stack_Size)
 *fill*         0x20000b10      0x400 
                0x20000f10                . = ALIGN (0x8)

/DISCARD/
 libc.a(*)
 libm.a(*)
 libgcc.a(*)

.ARM.attributes
                0x00000000       0x29
 *(.ARM.attributes)
 .ARM.attributes
                0x00000000       0x1d c:/progra~2/gnuarm~1/92020-~1/bin/../lib/gcc/arm-none-eabi/9.3.1/thumb/v7-m/nofp/crti.o
 .ARM.attributes
                0x0000001d       0x2d c:/progra~2/gnuarm~1/92020-~1/bin/../lib/gcc/arm-none-eabi/9.3.1/thumb/v7-m/nofp/crtbegin.o
 .ARM.attributes
                0x0000004a       0x2d CMakeFiles/03_usartx.elf.dir/Core/Src/gpio.c.obj
 .ARM.attributes
                0x00000077       0x2d CMakeFiles/03_usartx.elf.dir/Core/Src/main.c.obj
 .ARM.attributes
                0x000000a4       0x2d CMakeFiles/03_usartx.elf.dir/Core/Src/stm32f1xx_hal_msp.c.obj
 .ARM.attributes
                0x000000d1       0x2d CMakeFiles/03_usartx.elf.dir/Core/Src/stm32f1xx_it.c.obj
 .ARM.attributes
                0x000000fe       0x2d CMakeFiles/03_usartx.elf.dir/Core/Src/syscalls.c.obj
 .ARM.attributes
                0x0000012b       0x2d CMakeFiles/03_usartx.elf.dir/Core/Src/system_stm32f1xx.c.obj
 .ARM.attributes
                0x00000158       0x2d CMakeFiles/03_usartx.elf.dir/Core/Src/usart.c.obj
 .ARM.attributes
                0x00000185       0x2d CMakeFiles/03_usartx.elf.dir/Drivers/STM32F1xx_HAL_Driver/Src/stm32f1xx_hal.c.obj
 .ARM.attributes
                0x000001b2       0x2d CMakeFiles/03_usartx.elf.dir/Drivers/STM32F1xx_HAL_Driver/Src/stm32f1xx_hal_cortex.c.obj
 .ARM.attributes
                0x000001df       0x2d CMakeFiles/03_usartx.elf.dir/Drivers/STM32F1xx_HAL_Driver/Src/stm32f1xx_hal_dma.c.obj
 .ARM.attributes
                0x0000020c       0x2d CMakeFiles/03_usartx.elf.dir/Drivers/STM32F1xx_HAL_Driver/Src/stm32f1xx_hal_gpio.c.obj
 .ARM.attributes
                0x00000239       0x2d CMakeFiles/03_usartx.elf.dir/Drivers/STM32F1xx_HAL_Driver/Src/stm32f1xx_hal_rcc.c.obj
 .ARM.attributes
                0x00000266       0x2d CMakeFiles/03_usartx.elf.dir/Drivers/STM32F1xx_HAL_Driver/Src/stm32f1xx_hal_uart.c.obj
 .ARM.attributes
                0x00000293       0x21 CMakeFiles/03_usartx.elf.dir/startup/startup_stm32f103xe.s.obj
 .ARM.attributes
                0x000002b4       0x2d c:/progra~2/gnuarm~1/92020-~1/bin/../lib/gcc/arm-none-eabi/9.3.1/../../../../arm-none-eabi/lib/thumb/v7-m/nofp\libg.a(lib_a-errno.o)
 .ARM.attributes
                0x000002e1       0x2d c:/progra~2/gnuarm~1/92020-~1/bin/../lib/gcc/arm-none-eabi/9.3.1/../../../../arm-none-eabi/lib/thumb/v7-m/nofp\libg.a(lib_a-impure.o)
 .ARM.attributes
                0x0000030e       0x2d c:/progra~2/gnuarm~1/92020-~1/bin/../lib/gcc/arm-none-eabi/9.3.1/../../../../arm-none-eabi/lib/thumb/v7-m/nofp\libg.a(lib_a-init.o)
 .ARM.attributes
                0x0000033b       0x2d c:/progra~2/gnuarm~1/92020-~1/bin/../lib/gcc/arm-none-eabi/9.3.1/../../../../arm-none-eabi/lib/thumb/v7-m/nofp\libg.a(lib_a-memset.o)
 .ARM.attributes
                0x00000368       0x2d c:/progra~2/gnuarm~1/92020-~1/bin/../lib/gcc/arm-none-eabi/9.3.1/../../../../arm-none-eabi/lib/thumb/v7-m/nofp\libg.a(lib_a-puts.o)
 .ARM.attributes
                0x00000395       0x2d c:/progra~2/gnuarm~1/92020-~1/bin/../lib/gcc/arm-none-eabi/9.3.1/../../../../arm-none-eabi/lib/thumb/v7-m/nofp\libg.a(lib_a-strlen-stub.o)
 .ARM.attributes
                0x000003c2       0x2d c:/progra~2/gnuarm~1/92020-~1/bin/../lib/gcc/arm-none-eabi/9.3.1/../../../../arm-none-eabi/lib/thumb/v7-m/nofp\libg.a(lib_a-__call_atexit.o)
 .ARM.attributes
                0x000003ef       0x2d c:/progra~2/gnuarm~1/92020-~1/bin/../lib/gcc/arm-none-eabi/9.3.1/../../../../arm-none-eabi/lib/thumb/v7-m/nofp\libg.a(lib_a-atexit.o)
 .ARM.attributes
                0x0000041c       0x2d c:/progra~2/gnuarm~1/92020-~1/bin/../lib/gcc/arm-none-eabi/9.3.1/../../../../arm-none-eabi/lib/thumb/v7-m/nofp\libg.a(lib_a-findfp.o)
 .ARM.attributes
                0x00000449       0x2d c:/progra~2/gnuarm~1/92020-~1/bin/../lib/gcc/arm-none-eabi/9.3.1/../../../../arm-none-eabi/lib/thumb/v7-m/nofp\libg.a(lib_a-fini.o)
 .ARM.attributes
                0x00000476       0x2d c:/progra~2/gnuarm~1/92020-~1/bin/../lib/gcc/arm-none-eabi/9.3.1/../../../../arm-none-eabi/lib/thumb/v7-m/nofp\libg.a(lib_a-fvwrite.o)
 .ARM.attributes
                0x000004a3       0x2d c:/progra~2/gnuarm~1/92020-~1/bin/../lib/gcc/arm-none-eabi/9.3.1/../../../../arm-none-eabi/lib/thumb/v7-m/nofp\libg.a(lib_a-fwalk.o)
 .ARM.attributes
                0x000004d0       0x2d c:/progra~2/gnuarm~1/92020-~1/bin/../lib/gcc/arm-none-eabi/9.3.1/../../../../arm-none-eabi/lib/thumb/v7-m/nofp\libg.a(lib_a-lock.o)
 .ARM.attributes
                0x000004fd       0x2d c:/progra~2/gnuarm~1/92020-~1/bin/../lib/gcc/arm-none-eabi/9.3.1/../../../../arm-none-eabi/lib/thumb/v7-m/nofp\libg.a(lib_a-mallocr.o)
 .ARM.attributes
                0x0000052a       0x2d c:/progra~2/gnuarm~1/92020-~1/bin/../lib/gcc/arm-none-eabi/9.3.1/../../../../arm-none-eabi/lib/thumb/v7-m/nofp\libg.a(lib_a-memchr-stub.o)
 .ARM.attributes
                0x00000557       0x1b c:/progra~2/gnuarm~1/92020-~1/bin/../lib/gcc/arm-none-eabi/9.3.1/../../../../arm-none-eabi/lib/thumb/v7-m/nofp\libg.a(lib_a-memcpy.o)
 .ARM.attributes
                0x00000572       0x2d c:/progra~2/gnuarm~1/92020-~1/bin/../lib/gcc/arm-none-eabi/9.3.1/../../../../arm-none-eabi/lib/thumb/v7-m/nofp\libg.a(lib_a-memmove.o)
 .ARM.attributes
                0x0000059f       0x2d c:/progra~2/gnuarm~1/92020-~1/bin/../lib/gcc/arm-none-eabi/9.3.1/../../../../arm-none-eabi/lib/thumb/v7-m/nofp\libg.a(lib_a-mlock.o)
 .ARM.attributes
                0x000005cc       0x2d c:/progra~2/gnuarm~1/92020-~1/bin/../lib/gcc/arm-none-eabi/9.3.1/../../../../arm-none-eabi/lib/thumb/v7-m/nofp\libg.a(lib_a-reallocr.o)
 .ARM.attributes
                0x000005f9       0x2d c:/progra~2/gnuarm~1/92020-~1/bin/../lib/gcc/arm-none-eabi/9.3.1/../../../../arm-none-eabi/lib/thumb/v7-m/nofp\libg.a(lib_a-sbrkr.o)
 .ARM.attributes
                0x00000626       0x2d c:/progra~2/gnuarm~1/92020-~1/bin/../lib/gcc/arm-none-eabi/9.3.1/../../../../arm-none-eabi/lib/thumb/v7-m/nofp\libg.a(lib_a-stdio.o)
 .ARM.attributes
                0x00000653       0x2d c:/progra~2/gnuarm~1/92020-~1/bin/../lib/gcc/arm-none-eabi/9.3.1/../../../../arm-none-eabi/lib/thumb/v7-m/nofp\libg.a(lib_a-writer.o)
 .ARM.attributes
                0x00000680       0x2d c:/progra~2/gnuarm~1/92020-~1/bin/../lib/gcc/arm-none-eabi/9.3.1/../../../../arm-none-eabi/lib/thumb/v7-m/nofp\libg.a(lib_a-wsetup.o)
 .ARM.attributes
                0x000006ad       0x2d c:/progra~2/gnuarm~1/92020-~1/bin/../lib/gcc/arm-none-eabi/9.3.1/../../../../arm-none-eabi/lib/thumb/v7-m/nofp\libg.a(lib_a-__atexit.o)
 .ARM.attributes
                0x000006da       0x2d c:/progra~2/gnuarm~1/92020-~1/bin/../lib/gcc/arm-none-eabi/9.3.1/../../../../arm-none-eabi/lib/thumb/v7-m/nofp\libg.a(lib_a-closer.o)
 .ARM.attributes
                0x00000707       0x2d c:/progra~2/gnuarm~1/92020-~1/bin/../lib/gcc/arm-none-eabi/9.3.1/../../../../arm-none-eabi/lib/thumb/v7-m/nofp\libg.a(lib_a-fclose.o)
 .ARM.attributes
                0x00000734       0x2d c:/progra~2/gnuarm~1/92020-~1/bin/../lib/gcc/arm-none-eabi/9.3.1/../../../../arm-none-eabi/lib/thumb/v7-m/nofp\libg.a(lib_a-fflush.o)
 .ARM.attributes
                0x00000761       0x2d c:/progra~2/gnuarm~1/92020-~1/bin/../lib/gcc/arm-none-eabi/9.3.1/../../../../arm-none-eabi/lib/thumb/v7-m/nofp\libg.a(lib_a-freer.o)
 .ARM.attributes
                0x0000078e       0x2d c:/progra~2/gnuarm~1/92020-~1/bin/../lib/gcc/arm-none-eabi/9.3.1/../../../../arm-none-eabi/lib/thumb/v7-m/nofp\libg.a(lib_a-lseekr.o)
 .ARM.attributes
                0x000007bb       0x2d c:/progra~2/gnuarm~1/92020-~1/bin/../lib/gcc/arm-none-eabi/9.3.1/../../../../arm-none-eabi/lib/thumb/v7-m/nofp\libg.a(lib_a-makebuf.o)
 .ARM.attributes
                0x000007e8       0x2d c:/progra~2/gnuarm~1/92020-~1/bin/../lib/gcc/arm-none-eabi/9.3.1/../../../../arm-none-eabi/lib/thumb/v7-m/nofp\libg.a(lib_a-readr.o)
 .ARM.attributes
                0x00000815       0x2d c:/progra~2/gnuarm~1/92020-~1/bin/../lib/gcc/arm-none-eabi/9.3.1/../../../../arm-none-eabi/lib/thumb/v7-m/nofp\libg.a(lib_a-reent.o)
 .ARM.attributes
                0x00000842       0x2d c:/progra~2/gnuarm~1/92020-~1/bin/../lib/gcc/arm-none-eabi/9.3.1/../../../../arm-none-eabi/lib/thumb/v7-m/nofp\libg.a(lib_a-fstatr.o)
 .ARM.attributes
                0x0000086f       0x2d c:/progra~2/gnuarm~1/92020-~1/bin/../lib/gcc/arm-none-eabi/9.3.1/../../../../arm-none-eabi/lib/thumb/v7-m/nofp\libg.a(lib_a-isattyr.o)
 .ARM.attributes
                0x0000089c       0x1d c:/progra~2/gnuarm~1/92020-~1/bin/../lib/gcc/arm-none-eabi/9.3.1/thumb/v7-m/nofp/crtn.o
OUTPUT(03_usartx.elf elf32-littlearm)
LOAD linker stubs
LOAD c:/progra~2/gnuarm~1/92020-~1/bin/../lib/gcc/arm-none-eabi/9.3.1/../../../../arm-none-eabi/lib/thumb/v7-m/nofp\libc.a
LOAD c:/progra~2/gnuarm~1/92020-~1/bin/../lib/gcc/arm-none-eabi/9.3.1/../../../../arm-none-eabi/lib/thumb/v7-m/nofp\libm.a
LOAD c:/progra~2/gnuarm~1/92020-~1/bin/../lib/gcc/arm-none-eabi/9.3.1/thumb/v7-m/nofp\libgcc.a

.debug_info     0x00000000     0xacd1
 .debug_info    0x00000000      0xc66 CMakeFiles/03_usartx.elf.dir/Core/Src/gpio.c.obj
 .debug_info    0x00000c66     0x11b5 CMakeFiles/03_usartx.elf.dir/Core/Src/main.c.obj
 .debug_info    0x00001e1b      0xb9f CMakeFiles/03_usartx.elf.dir/Core/Src/stm32f1xx_hal_msp.c.obj
 .debug_info    0x000029ba      0xf74 CMakeFiles/03_usartx.elf.dir/Core/Src/stm32f1xx_it.c.obj
 .debug_info    0x0000392e     0x112b CMakeFiles/03_usartx.elf.dir/Core/Src/syscalls.c.obj
 .debug_info    0x00004a59      0x2c9 CMakeFiles/03_usartx.elf.dir/Core/Src/system_stm32f1xx.c.obj
 .debug_info    0x00004d22     0x13f9 CMakeFiles/03_usartx.elf.dir/Core/Src/usart.c.obj
 .debug_info    0x0000611b      0x897 CMakeFiles/03_usartx.elf.dir/Drivers/STM32F1xx_HAL_Driver/Src/stm32f1xx_hal.c.obj
 .debug_info    0x000069b2      0xeac CMakeFiles/03_usartx.elf.dir/Drivers/STM32F1xx_HAL_Driver/Src/stm32f1xx_hal_cortex.c.obj
 .debug_info    0x0000785e      0x932 CMakeFiles/03_usartx.elf.dir/Drivers/STM32F1xx_HAL_Driver/Src/stm32f1xx_hal_dma.c.obj
 .debug_info    0x00008190      0x75b CMakeFiles/03_usartx.elf.dir/Drivers/STM32F1xx_HAL_Driver/Src/stm32f1xx_hal_gpio.c.obj
 .debug_info    0x000088eb      0xaab CMakeFiles/03_usartx.elf.dir/Drivers/STM32F1xx_HAL_Driver/Src/stm32f1xx_hal_rcc.c.obj
 .debug_info    0x00009396     0x1919 CMakeFiles/03_usartx.elf.dir/Drivers/STM32F1xx_HAL_Driver/Src/stm32f1xx_hal_uart.c.obj
 .debug_info    0x0000acaf       0x22 CMakeFiles/03_usartx.elf.dir/startup/startup_stm32f103xe.s.obj

.debug_abbrev   0x00000000     0x1ffe
 .debug_abbrev  0x00000000      0x258 CMakeFiles/03_usartx.elf.dir/Core/Src/gpio.c.obj
 .debug_abbrev  0x00000258      0x2c3 CMakeFiles/03_usartx.elf.dir/Core/Src/main.c.obj
 .debug_abbrev  0x0000051b      0x23c CMakeFiles/03_usartx.elf.dir/Core/Src/stm32f1xx_hal_msp.c.obj
 .debug_abbrev  0x00000757      0x23d CMakeFiles/03_usartx.elf.dir/Core/Src/stm32f1xx_it.c.obj
 .debug_abbrev  0x00000994      0x31e CMakeFiles/03_usartx.elf.dir/Core/Src/syscalls.c.obj
 .debug_abbrev  0x00000cb2      0x151 CMakeFiles/03_usartx.elf.dir/Core/Src/system_stm32f1xx.c.obj
 .debug_abbrev  0x00000e03      0x2d4 CMakeFiles/03_usartx.elf.dir/Core/Src/usart.c.obj
 .debug_abbrev  0x000010d7      0x219 CMakeFiles/03_usartx.elf.dir/Drivers/STM32F1xx_HAL_Driver/Src/stm32f1xx_hal.c.obj
 .debug_abbrev  0x000012f0      0x367 CMakeFiles/03_usartx.elf.dir/Drivers/STM32F1xx_HAL_Driver/Src/stm32f1xx_hal_cortex.c.obj
 .debug_abbrev  0x00001657      0x262 CMakeFiles/03_usartx.elf.dir/Drivers/STM32F1xx_HAL_Driver/Src/stm32f1xx_hal_dma.c.obj
 .debug_abbrev  0x000018b9      0x213 CMakeFiles/03_usartx.elf.dir/Drivers/STM32F1xx_HAL_Driver/Src/stm32f1xx_hal_gpio.c.obj
 .debug_abbrev  0x00001acc      0x28d CMakeFiles/03_usartx.elf.dir/Drivers/STM32F1xx_HAL_Driver/Src/stm32f1xx_hal_rcc.c.obj
 .debug_abbrev  0x00001d59      0x293 CMakeFiles/03_usartx.elf.dir/Drivers/STM32F1xx_HAL_Driver/Src/stm32f1xx_hal_uart.c.obj
 .debug_abbrev  0x00001fec       0x12 CMakeFiles/03_usartx.elf.dir/startup/startup_stm32f103xe.s.obj

.debug_aranges  0x00000000      0x6b8
 .debug_aranges
                0x00000000       0x20 CMakeFiles/03_usartx.elf.dir/Core/Src/gpio.c.obj
 .debug_aranges
                0x00000020       0x30 CMakeFiles/03_usartx.elf.dir/Core/Src/main.c.obj
 .debug_aranges
                0x00000050       0x20 CMakeFiles/03_usartx.elf.dir/Core/Src/stm32f1xx_hal_msp.c.obj
 .debug_aranges
                0x00000070       0x68 CMakeFiles/03_usartx.elf.dir/Core/Src/stm32f1xx_it.c.obj
 .debug_aranges
                0x000000d8       0xb0 CMakeFiles/03_usartx.elf.dir/Core/Src/syscalls.c.obj
 .debug_aranges
                0x00000188       0x28 CMakeFiles/03_usartx.elf.dir/Core/Src/system_stm32f1xx.c.obj
 .debug_aranges
                0x000001b0       0x38 CMakeFiles/03_usartx.elf.dir/Core/Src/usart.c.obj
 .debug_aranges
                0x000001e8       0xe0 CMakeFiles/03_usartx.elf.dir/Drivers/STM32F1xx_HAL_Driver/Src/stm32f1xx_hal.c.obj
 .debug_aranges
                0x000002c8       0x90 CMakeFiles/03_usartx.elf.dir/Drivers/STM32F1xx_HAL_Driver/Src/stm32f1xx_hal_cortex.c.obj
 .debug_aranges
                0x00000358       0x80 CMakeFiles/03_usartx.elf.dir/Drivers/STM32F1xx_HAL_Driver/Src/stm32f1xx_hal_dma.c.obj
 .debug_aranges
                0x000003d8       0x58 CMakeFiles/03_usartx.elf.dir/Drivers/STM32F1xx_HAL_Driver/Src/stm32f1xx_hal_gpio.c.obj
 .debug_aranges
                0x00000430       0x90 CMakeFiles/03_usartx.elf.dir/Drivers/STM32F1xx_HAL_Driver/Src/stm32f1xx_hal_rcc.c.obj
 .debug_aranges
                0x000004c0      0x1d0 CMakeFiles/03_usartx.elf.dir/Drivers/STM32F1xx_HAL_Driver/Src/stm32f1xx_hal_uart.c.obj
 .debug_aranges
                0x00000690       0x28 CMakeFiles/03_usartx.elf.dir/startup/startup_stm32f103xe.s.obj

.debug_ranges   0x00000000      0x660
 .debug_ranges  0x00000000       0x10 CMakeFiles/03_usartx.elf.dir/Core/Src/gpio.c.obj
 .debug_ranges  0x00000010       0x20 CMakeFiles/03_usartx.elf.dir/Core/Src/main.c.obj
 .debug_ranges  0x00000030       0x10 CMakeFiles/03_usartx.elf.dir/Core/Src/stm32f1xx_hal_msp.c.obj
 .debug_ranges  0x00000040       0x58 CMakeFiles/03_usartx.elf.dir/Core/Src/stm32f1xx_it.c.obj
 .debug_ranges  0x00000098       0xa0 CMakeFiles/03_usartx.elf.dir/Core/Src/syscalls.c.obj
 .debug_ranges  0x00000138       0x18 CMakeFiles/03_usartx.elf.dir/Core/Src/system_stm32f1xx.c.obj
 .debug_ranges  0x00000150       0x28 CMakeFiles/03_usartx.elf.dir/Core/Src/usart.c.obj
 .debug_ranges  0x00000178       0xd0 CMakeFiles/03_usartx.elf.dir/Drivers/STM32F1xx_HAL_Driver/Src/stm32f1xx_hal.c.obj
 .debug_ranges  0x00000248       0xe0 CMakeFiles/03_usartx.elf.dir/Drivers/STM32F1xx_HAL_Driver/Src/stm32f1xx_hal_cortex.c.obj
 .debug_ranges  0x00000328       0x70 CMakeFiles/03_usartx.elf.dir/Drivers/STM32F1xx_HAL_Driver/Src/stm32f1xx_hal_dma.c.obj
 .debug_ranges  0x00000398       0x48 CMakeFiles/03_usartx.elf.dir/Drivers/STM32F1xx_HAL_Driver/Src/stm32f1xx_hal_gpio.c.obj
 .debug_ranges  0x000003e0       0xa0 CMakeFiles/03_usartx.elf.dir/Drivers/STM32F1xx_HAL_Driver/Src/stm32f1xx_hal_rcc.c.obj
 .debug_ranges  0x00000480      0x1c0 CMakeFiles/03_usartx.elf.dir/Drivers/STM32F1xx_HAL_Driver/Src/stm32f1xx_hal_uart.c.obj
 .debug_ranges  0x00000640       0x20 CMakeFiles/03_usartx.elf.dir/startup/startup_stm32f103xe.s.obj

.debug_line     0x00000000     0x69b8
 .debug_line    0x00000000      0x34e CMakeFiles/03_usartx.elf.dir/Core/Src/gpio.c.obj
 .debug_line    0x0000034e      0x4c8 CMakeFiles/03_usartx.elf.dir/Core/Src/main.c.obj
 .debug_line    0x00000816      0x320 CMakeFiles/03_usartx.elf.dir/Core/Src/stm32f1xx_hal_msp.c.obj
 .debug_line    0x00000b36      0x449 CMakeFiles/03_usartx.elf.dir/Core/Src/stm32f1xx_it.c.obj
 .debug_line    0x00000f7f      0x517 CMakeFiles/03_usartx.elf.dir/Core/Src/syscalls.c.obj
 .debug_line    0x00001496      0x364 CMakeFiles/03_usartx.elf.dir/Core/Src/system_stm32f1xx.c.obj
 .debug_line    0x000017fa      0x4f4 CMakeFiles/03_usartx.elf.dir/Core/Src/usart.c.obj
 .debug_line    0x00001cee      0x5f4 CMakeFiles/03_usartx.elf.dir/Drivers/STM32F1xx_HAL_Driver/Src/stm32f1xx_hal.c.obj
 .debug_line    0x000022e2      0x74a CMakeFiles/03_usartx.elf.dir/Drivers/STM32F1xx_HAL_Driver/Src/stm32f1xx_hal_cortex.c.obj
 .debug_line    0x00002a2c      0xe01 CMakeFiles/03_usartx.elf.dir/Drivers/STM32F1xx_HAL_Driver/Src/stm32f1xx_hal_dma.c.obj
 .debug_line    0x0000382d      0x707 CMakeFiles/03_usartx.elf.dir/Drivers/STM32F1xx_HAL_Driver/Src/stm32f1xx_hal_gpio.c.obj
 .debug_line    0x00003f34      0xd11 CMakeFiles/03_usartx.elf.dir/Drivers/STM32F1xx_HAL_Driver/Src/stm32f1xx_hal_rcc.c.obj
 .debug_line    0x00004c45     0x1cb6 CMakeFiles/03_usartx.elf.dir/Drivers/STM32F1xx_HAL_Driver/Src/stm32f1xx_hal_uart.c.obj
 .debug_line    0x000068fb       0xbd CMakeFiles/03_usartx.elf.dir/startup/startup_stm32f103xe.s.obj

.debug_str      0x00000000     0x286b
 .debug_str     0x00000000      0x724 CMakeFiles/03_usartx.elf.dir/Core/Src/gpio.c.obj
                                0x7b9 (size before relaxing)
 .debug_str     0x00000724      0x56e CMakeFiles/03_usartx.elf.dir/Core/Src/main.c.obj
                                0xc64 (size before relaxing)
 .debug_str     0x00000c92       0x9a CMakeFiles/03_usartx.elf.dir/Core/Src/stm32f1xx_hal_msp.c.obj
                                0x75b (size before relaxing)
 .debug_str     0x00000d2c      0x11d CMakeFiles/03_usartx.elf.dir/Core/Src/stm32f1xx_it.c.obj
                                0xb3a (size before relaxing)
 .debug_str     0x00000e49      0x2a2 CMakeFiles/03_usartx.elf.dir/Core/Src/syscalls.c.obj
                                0x89b (size before relaxing)
 .debug_str     0x000010eb       0x92 CMakeFiles/03_usartx.elf.dir/Core/Src/system_stm32f1xx.c.obj
                                0x371 (size before relaxing)
 .debug_str     0x0000117d      0x4a8 CMakeFiles/03_usartx.elf.dir/Core/Src/usart.c.obj
                                0xfb1 (size before relaxing)
 .debug_str     0x00001625      0x2be CMakeFiles/03_usartx.elf.dir/Drivers/STM32F1xx_HAL_Driver/Src/stm32f1xx_hal.c.obj
                                0x9d2 (size before relaxing)
 .debug_str     0x000018e3      0x3d4 CMakeFiles/03_usartx.elf.dir/Drivers/STM32F1xx_HAL_Driver/Src/stm32f1xx_hal_cortex.c.obj
                                0xaee (size before relaxing)
 .debug_str     0x00001cb7      0x284 CMakeFiles/03_usartx.elf.dir/Drivers/STM32F1xx_HAL_Driver/Src/stm32f1xx_hal_dma.c.obj
                                0x758 (size before relaxing)
 .debug_str     0x00001f3b      0x142 CMakeFiles/03_usartx.elf.dir/Drivers/STM32F1xx_HAL_Driver/Src/stm32f1xx_hal_gpio.c.obj
                                0x55b (size before relaxing)
 .debug_str     0x0000207d      0x234 CMakeFiles/03_usartx.elf.dir/Drivers/STM32F1xx_HAL_Driver/Src/stm32f1xx_hal_rcc.c.obj
                                0x73d (size before relaxing)
 .debug_str     0x000022b1      0x54b CMakeFiles/03_usartx.elf.dir/Drivers/STM32F1xx_HAL_Driver/Src/stm32f1xx_hal_uart.c.obj
                                0xceb (size before relaxing)
 .debug_str     0x000027fc       0x6f CMakeFiles/03_usartx.elf.dir/startup/startup_stm32f103xe.s.obj
                                 0xc4 (size before relaxing)

.comment        0x00000000       0x4c
 .comment       0x00000000       0x4c CMakeFiles/03_usartx.elf.dir/Core/Src/gpio.c.obj
                                 0x4d (size before relaxing)
 .comment       0x0000004c       0x4d CMakeFiles/03_usartx.elf.dir/Core/Src/main.c.obj
 .comment       0x0000004c       0x4d CMakeFiles/03_usartx.elf.dir/Core/Src/stm32f1xx_hal_msp.c.obj
 .comment       0x0000004c       0x4d CMakeFiles/03_usartx.elf.dir/Core/Src/stm32f1xx_it.c.obj
 .comment       0x0000004c       0x4d CMakeFiles/03_usartx.elf.dir/Core/Src/syscalls.c.obj
 .comment       0x0000004c       0x4d CMakeFiles/03_usartx.elf.dir/Core/Src/system_stm32f1xx.c.obj
 .comment       0x0000004c       0x4d CMakeFiles/03_usartx.elf.dir/Core/Src/usart.c.obj
 .comment       0x0000004c       0x4d CMakeFiles/03_usartx.elf.dir/Drivers/STM32F1xx_HAL_Driver/Src/stm32f1xx_hal.c.obj
 .comment       0x0000004c       0x4d CMakeFiles/03_usartx.elf.dir/Drivers/STM32F1xx_HAL_Driver/Src/stm32f1xx_hal_cortex.c.obj
 .comment       0x0000004c       0x4d CMakeFiles/03_usartx.elf.dir/Drivers/STM32F1xx_HAL_Driver/Src/stm32f1xx_hal_dma.c.obj
 .comment       0x0000004c       0x4d CMakeFiles/03_usartx.elf.dir/Drivers/STM32F1xx_HAL_Driver/Src/stm32f1xx_hal_gpio.c.obj
 .comment       0x0000004c       0x4d CMakeFiles/03_usartx.elf.dir/Drivers/STM32F1xx_HAL_Driver/Src/stm32f1xx_hal_rcc.c.obj
 .comment       0x0000004c       0x4d CMakeFiles/03_usartx.elf.dir/Drivers/STM32F1xx_HAL_Driver/Src/stm32f1xx_hal_uart.c.obj

.debug_frame    0x00000000     0x1924
 .debug_frame   0x00000000       0x30 CMakeFiles/03_usartx.elf.dir/Core/Src/gpio.c.obj
 .debug_frame   0x00000030       0x58 CMakeFiles/03_usartx.elf.dir/Core/Src/main.c.obj
 .debug_frame   0x00000088       0x28 CMakeFiles/03_usartx.elf.dir/Core/Src/stm32f1xx_hal_msp.c.obj
 .debug_frame   0x000000b0       0xc0 CMakeFiles/03_usartx.elf.dir/Core/Src/stm32f1xx_it.c.obj
 .debug_frame   0x00000170      0x1a8 CMakeFiles/03_usartx.elf.dir/Core/Src/syscalls.c.obj
 .debug_frame   0x00000318       0x30 CMakeFiles/03_usartx.elf.dir/Core/Src/system_stm32f1xx.c.obj
 .debug_frame   0x00000348       0x80 CMakeFiles/03_usartx.elf.dir/Core/Src/usart.c.obj
 .debug_frame   0x000003c8      0x1cc CMakeFiles/03_usartx.elf.dir/Drivers/STM32F1xx_HAL_Driver/Src/stm32f1xx_hal.c.obj
 .debug_frame   0x00000594      0x12c CMakeFiles/03_usartx.elf.dir/Drivers/STM32F1xx_HAL_Driver/Src/stm32f1xx_hal_cortex.c.obj
 .debug_frame   0x000006c0      0x144 CMakeFiles/03_usartx.elf.dir/Drivers/STM32F1xx_HAL_Driver/Src/stm32f1xx_hal_dma.c.obj
 .debug_frame   0x00000804       0xe8 CMakeFiles/03_usartx.elf.dir/Drivers/STM32F1xx_HAL_Driver/Src/stm32f1xx_hal_gpio.c.obj
 .debug_frame   0x000008ec      0x190 CMakeFiles/03_usartx.elf.dir/Drivers/STM32F1xx_HAL_Driver/Src/stm32f1xx_hal_rcc.c.obj
 .debug_frame   0x00000a7c      0x4e8 CMakeFiles/03_usartx.elf.dir/Drivers/STM32F1xx_HAL_Driver/Src/stm32f1xx_hal_uart.c.obj
 .debug_frame   0x00000f64       0x20 c:/progra~2/gnuarm~1/92020-~1/bin/../lib/gcc/arm-none-eabi/9.3.1/../../../../arm-none-eabi/lib/thumb/v7-m/nofp\libg.a(lib_a-errno.o)
 .debug_frame   0x00000f84       0x2c c:/progra~2/gnuarm~1/92020-~1/bin/../lib/gcc/arm-none-eabi/9.3.1/../../../../arm-none-eabi/lib/thumb/v7-m/nofp\libg.a(lib_a-init.o)
 .debug_frame   0x00000fb0       0x38 c:/progra~2/gnuarm~1/92020-~1/bin/../lib/gcc/arm-none-eabi/9.3.1/../../../../arm-none-eabi/lib/thumb/v7-m/nofp\libg.a(lib_a-memset.o)
 .debug_frame   0x00000fe8       0x4c c:/progra~2/gnuarm~1/92020-~1/bin/../lib/gcc/arm-none-eabi/9.3.1/../../../../arm-none-eabi/lib/thumb/v7-m/nofp\libg.a(lib_a-puts.o)
 .debug_frame   0x00001034       0x20 c:/progra~2/gnuarm~1/92020-~1/bin/../lib/gcc/arm-none-eabi/9.3.1/../../../../arm-none-eabi/lib/thumb/v7-m/nofp\libg.a(lib_a-strlen-stub.o)
 .debug_frame   0x00001054       0x5c c:/progra~2/gnuarm~1/92020-~1/bin/../lib/gcc/arm-none-eabi/9.3.1/../../../../arm-none-eabi/lib/thumb/v7-m/nofp\libg.a(lib_a-__call_atexit.o)
 .debug_frame   0x000010b0       0x20 c:/progra~2/gnuarm~1/92020-~1/bin/../lib/gcc/arm-none-eabi/9.3.1/../../../../arm-none-eabi/lib/thumb/v7-m/nofp\libg.a(lib_a-atexit.o)
 .debug_frame   0x000010d0      0x154 c:/progra~2/gnuarm~1/92020-~1/bin/../lib/gcc/arm-none-eabi/9.3.1/../../../../arm-none-eabi/lib/thumb/v7-m/nofp\libg.a(lib_a-findfp.o)
 .debug_frame   0x00001224       0x34 c:/progra~2/gnuarm~1/92020-~1/bin/../lib/gcc/arm-none-eabi/9.3.1/../../../../arm-none-eabi/lib/thumb/v7-m/nofp\libg.a(lib_a-fini.o)
 .debug_frame   0x00001258       0x64 c:/progra~2/gnuarm~1/92020-~1/bin/../lib/gcc/arm-none-eabi/9.3.1/../../../../arm-none-eabi/lib/thumb/v7-m/nofp\libg.a(lib_a-fvwrite.o)
 .debug_frame   0x000012bc       0x54 c:/progra~2/gnuarm~1/92020-~1/bin/../lib/gcc/arm-none-eabi/9.3.1/../../../../arm-none-eabi/lib/thumb/v7-m/nofp\libg.a(lib_a-fwalk.o)
 .debug_frame   0x00001310       0xb0 c:/progra~2/gnuarm~1/92020-~1/bin/../lib/gcc/arm-none-eabi/9.3.1/../../../../arm-none-eabi/lib/thumb/v7-m/nofp\libg.a(lib_a-lock.o)
 .debug_frame   0x000013c0       0x4c c:/progra~2/gnuarm~1/92020-~1/bin/../lib/gcc/arm-none-eabi/9.3.1/../../../../arm-none-eabi/lib/thumb/v7-m/nofp\libg.a(lib_a-mallocr.o)
 .debug_frame   0x0000140c       0x44 c:/progra~2/gnuarm~1/92020-~1/bin/../lib/gcc/arm-none-eabi/9.3.1/../../../../arm-none-eabi/lib/thumb/v7-m/nofp\libg.a(lib_a-memchr-stub.o)
 .debug_frame   0x00001450       0x40 c:/progra~2/gnuarm~1/92020-~1/bin/../lib/gcc/arm-none-eabi/9.3.1/../../../../arm-none-eabi/lib/thumb/v7-m/nofp\libg.a(lib_a-memmove.o)
 .debug_frame   0x00001490       0x30 c:/progra~2/gnuarm~1/92020-~1/bin/../lib/gcc/arm-none-eabi/9.3.1/../../../../arm-none-eabi/lib/thumb/v7-m/nofp\libg.a(lib_a-mlock.o)
 .debug_frame   0x000014c0       0x48 c:/progra~2/gnuarm~1/92020-~1/bin/../lib/gcc/arm-none-eabi/9.3.1/../../../../arm-none-eabi/lib/thumb/v7-m/nofp\libg.a(lib_a-reallocr.o)
 .debug_frame   0x00001508       0x2c c:/progra~2/gnuarm~1/92020-~1/bin/../lib/gcc/arm-none-eabi/9.3.1/../../../../arm-none-eabi/lib/thumb/v7-m/nofp\libg.a(lib_a-sbrkr.o)
 .debug_frame   0x00001534       0x8c c:/progra~2/gnuarm~1/92020-~1/bin/../lib/gcc/arm-none-eabi/9.3.1/../../../../arm-none-eabi/lib/thumb/v7-m/nofp\libg.a(lib_a-stdio.o)
 .debug_frame   0x000015c0       0x30 c:/progra~2/gnuarm~1/92020-~1/bin/../lib/gcc/arm-none-eabi/9.3.1/../../../../arm-none-eabi/lib/thumb/v7-m/nofp\libg.a(lib_a-writer.o)
 .debug_frame   0x000015f0       0x2c c:/progra~2/gnuarm~1/92020-~1/bin/../lib/gcc/arm-none-eabi/9.3.1/../../../../arm-none-eabi/lib/thumb/v7-m/nofp\libg.a(lib_a-wsetup.o)
 .debug_frame   0x0000161c       0x34 c:/progra~2/gnuarm~1/92020-~1/bin/../lib/gcc/arm-none-eabi/9.3.1/../../../../arm-none-eabi/lib/thumb/v7-m/nofp\libg.a(lib_a-__atexit.o)
 .debug_frame   0x00001650       0x2c c:/progra~2/gnuarm~1/92020-~1/bin/../lib/gcc/arm-none-eabi/9.3.1/../../../../arm-none-eabi/lib/thumb/v7-m/nofp\libg.a(lib_a-closer.o)
 .debug_frame   0x0000167c       0x3c c:/progra~2/gnuarm~1/92020-~1/bin/../lib/gcc/arm-none-eabi/9.3.1/../../../../arm-none-eabi/lib/thumb/v7-m/nofp\libg.a(lib_a-fclose.o)
 .debug_frame   0x000016b8       0x5c c:/progra~2/gnuarm~1/92020-~1/bin/../lib/gcc/arm-none-eabi/9.3.1/../../../../arm-none-eabi/lib/thumb/v7-m/nofp\libg.a(lib_a-fflush.o)
 .debug_frame   0x00001714       0x8c c:/progra~2/gnuarm~1/92020-~1/bin/../lib/gcc/arm-none-eabi/9.3.1/../../../../arm-none-eabi/lib/thumb/v7-m/nofp\libg.a(lib_a-freer.o)
 .debug_frame   0x000017a0       0x30 c:/progra~2/gnuarm~1/92020-~1/bin/../lib/gcc/arm-none-eabi/9.3.1/../../../../arm-none-eabi/lib/thumb/v7-m/nofp\libg.a(lib_a-lseekr.o)
 .debug_frame   0x000017d0       0x6c c:/progra~2/gnuarm~1/92020-~1/bin/../lib/gcc/arm-none-eabi/9.3.1/../../../../arm-none-eabi/lib/thumb/v7-m/nofp\libg.a(lib_a-makebuf.o)
 .debug_frame   0x0000183c       0x30 c:/progra~2/gnuarm~1/92020-~1/bin/../lib/gcc/arm-none-eabi/9.3.1/../../../../arm-none-eabi/lib/thumb/v7-m/nofp\libg.a(lib_a-readr.o)
 .debug_frame   0x0000186c       0x60 c:/progra~2/gnuarm~1/92020-~1/bin/../lib/gcc/arm-none-eabi/9.3.1/../../../../arm-none-eabi/lib/thumb/v7-m/nofp\libg.a(lib_a-reent.o)
 .debug_frame   0x000018cc       0x2c c:/progra~2/gnuarm~1/92020-~1/bin/../lib/gcc/arm-none-eabi/9.3.1/../../../../arm-none-eabi/lib/thumb/v7-m/nofp\libg.a(lib_a-fstatr.o)
 .debug_frame   0x000018f8       0x2c c:/progra~2/gnuarm~1/92020-~1/bin/../lib/gcc/arm-none-eabi/9.3.1/../../../../arm-none-eabi/lib/thumb/v7-m/nofp\libg.a(lib_a-isattyr.o)

.debug_loc      0x00000000     0x39db
 .debug_loc     0x00000000       0x15 CMakeFiles/03_usartx.elf.dir/Core/Src/stm32f1xx_hal_msp.c.obj
 .debug_loc     0x00000015      0x436 CMakeFiles/03_usartx.elf.dir/Core/Src/syscalls.c.obj
 .debug_loc     0x0000044b       0xff CMakeFiles/03_usartx.elf.dir/Core/Src/system_stm32f1xx.c.obj
 .debug_loc     0x0000054a       0xa7 CMakeFiles/03_usartx.elf.dir/Core/Src/usart.c.obj
 .debug_loc     0x000005f1      0x141 CMakeFiles/03_usartx.elf.dir/Drivers/STM32F1xx_HAL_Driver/Src/stm32f1xx_hal.c.obj
 .debug_loc     0x00000732      0x71f CMakeFiles/03_usartx.elf.dir/Drivers/STM32F1xx_HAL_Driver/Src/stm32f1xx_hal_cortex.c.obj
 .debug_loc     0x00000e51      0x7ce CMakeFiles/03_usartx.elf.dir/Drivers/STM32F1xx_HAL_Driver/Src/stm32f1xx_hal_dma.c.obj
 .debug_loc     0x0000161f      0x45b CMakeFiles/03_usartx.elf.dir/Drivers/STM32F1xx_HAL_Driver/Src/stm32f1xx_hal_gpio.c.obj
 .debug_loc     0x00001a7a      0x610 CMakeFiles/03_usartx.elf.dir/Drivers/STM32F1xx_HAL_Driver/Src/stm32f1xx_hal_rcc.c.obj
 .debug_loc     0x0000208a     0x1951 CMakeFiles/03_usartx.elf.dir/Drivers/STM32F1xx_HAL_Driver/Src/stm32f1xx_hal_uart.c.obj
